
> towngrid@0.1.0 test
> node scripts/test-local.mjs


[tests/game-time.mjs]
PASS: half-speed live clock; pause, acceleration, days, events, remote freight, old saves and real-time countdowns

[tests/simulation.mjs]
{
  "result": "PASS",
  "breadSold": 60,
  "money": 1716,
  "grainProduced": 198,
  "workers": 5,
  "industryParts": 8,
  "checked": [
    "food chain and hauling",
    "profits after wages",
    "save/load with cargo",
    "land expansion",
    "storm and repair",
    "debt and family",
    "water proximity rules",
    "powered industry",
    "pause"
  ]
}
PASS rules 2026-09-29: raid melee and ids, id counters and nested defaults, fuel contract, demolish batch and grace refund, packed tiles and full storage, effect cache, timed effects, coarse steps, damage and strike, good events, sanction counter, upgrade costs, first order, money errors
PASS: G3 save fields checked (all saved paths), home province kept, site books, button gates, real-second notices; G1-E4 open order kept, G1-T2b repair and terrain, G1-S1/S2 ground once; doors kept free, title chain once, short storage warning; K-03 shortfalls, K-07 fuel fleet, cancel undoes clearing

[tests/export-route.mjs]
{"result":"PASS","checked":["export road on every region","starting supplies export without warehouse","paid on arrival","cart limit","save/load in transit","carts return","road protected","blocked route","old save upgrade","tampered route rejected","starter and showcase villages"]}

[tests/starter-freedom.mjs]
PASS starter freedom: 279 plots, first build, residents, physical stores, export/return/save and limited fuel

[tests/logistics-rework.mjs]
PASS 279 starts; mini storage, fuel supply, real inventories, port routing, world journey, saves, relocation and resident rest

[tests/townstar-completion.mjs]
PASS Town Star completion: 5 reproduced defects, 4 upgrade categories, emergency fuel, mode fuels, world routes, partial orders and save compatibility

[tests/trade-routes.mjs]
{"result":"PASS","checked":["port sizes by water","a land route in every province","10 route kinds on the map","estuary and upper river ports","no province inside a lake","gate lot by land route","auto lot min(10,cap)","unknown terminal rejected","vanished terminal falls back","tampered choice rejected","old save loads","campaign sites use their province"]}

[tests/trade-terminals.mjs]
{"result":"PASS","checked":["user lot sizes","gate lot 10","ports on water only","port kind by tile water","river port ships 100","road hub needs joined road","paved hub needs paving","choice save/load/fallback","broken terminal skipped","rail terminal and its price","airport and air terminal","ice snowmobile and polar ports","desert sand","mountain side and conveyor","pipe moves water","power reach and substation","showcase powered","old saves"]}

[tests/world-grid.mjs]
{"result":"PASS","checked":["one site square per province","sides are neighbour squares","trade water = side water","every terrain on some side","capitals play like their nation","sea under a fifth","all ecologies playable","ferry routes","start land and road dry","port on its own water","layout saved","bad layout rejected","mountain side ground and conveyors","old saves keep region water","bare map legacy","campaign sites on their square"]}

[tests/atlas-geometry.mjs]
{"tiles":1550,"terrainPaths":10,"reductionPercent":99.4,"countries":14,"provinces":180}

[tests/starting-sites.mjs]
{"result":"PASS","nations":8,"locations":279,"checks":["noncapital defaults","selected location and terrain","invalid starts rejected","new and legacy saves","distinct expansion sites"]}

[tests/start-map.mjs]
{"passed":true,"plots":1027,"oldSaves":3,"starts":279,"coverage":240,"distributions":{"estern":{"meadow":59,"coast":7,"marsh":9,"forest":7},"silvaen":{"forest":7,"meadow":4,"marsh":2},"kardum":{"forest":1,"meadow":1},"miel":{"forest":4,"meadow":2},"rivente":{"meadow":19,"coast":6,"forest":4},"arsel":{"forest":12,"basin":21,"meadow":55,"marsh":8,"snow":6},"broden":{"forest":5,"meadow":16,"marsh":3,"basin":1,"coast":3},"neiren":{"forest":2,"meadow":11,"coast":4}}}

[tests/world-atlas.mjs]
{"result":"PASS","terrainCells":1550,"sprites":16,"terrainBytes":2263450,"checks":["raster matches world","shoreline and river neighbors","fixed type size and nonoverlapping labels","read-only quotes","promotion/material gates","selected plot transaction","preview equals generated tiles","save compatibility"]}

[tests/continuous-map.mjs]
{"passed":true,"plots":1027,"checks":["every land square","exact neighbors and ports","multiple plots per region","preview and generation","save roundtrip","invalid plot rejection","political ownership","home protection","rendering reads saved terrain"]}

[tests/world-realms.mjs]
{"passed":true,"countries":14,"major":4,"minor":10,"terrainMarks":523,"historicalCountries":30,"relocatedPolitics":3}

[tests/wilderness.mjs]
{"passed":true,"unclaimedCells":441,"unclaimedPlots":343,"nationalPlots":684,"nationalUndeveloped":665,"settlements":19}

[tests/frontier-land.mjs]
{"passed":true,"restricted":108,"biomes":8,"claimedPlots":4,"saveCompatible":true}

[tests/atlas-isometric.mjs]
{"passed":true,"views":4,"pickedCells":6200,"authoredSprites":64,"terrainObjects":325}

[tests/map-edges.mjs]
Map edges: four rotated layouts, mountain yield/resources, forest density, sea/freshwater ports/irrigation, matching scenery and save compatibility PASS.

[tests/biomes.mjs]
Biomes PASS: eight playable profiles, actual resource advantages, oil/oasis, marsh water, matching scenery, deterministic generation and old/new saves.

[tests/residents.mjs]
RESIDENTS PASS

[tests/facility-staff.mjs]
Facility staff: fixed housing identities, both factions, all workplaces, state synchronization and save preservation PASS

[tests/character-movement.mjs]
{
  "result": "CHARACTER MOVEMENT PASS",
  "comparisons": [
    {
      "fps": 20,
      "oldDistance": 22.237,
      "distance": 23.7,
      "oldLossPercent": 6.173
    },
    {
      "fps": 30,
      "oldDistance": 23.079,
      "distance": 23.7,
      "oldLossPercent": 2.62
    },
    {
      "fps": 60,
      "oldDistance": 23.079,
      "distance": 23.7,
      "oldLossPercent": 2.62
    },
    {
      "fps": 144,
      "oldDistance": 23.608958,
      "distance": 23.7,
      "oldLossPercent": 0.384
    }
  ],
  "cornerTraversal": true,
  "blockedNodes": true,
  "logistics": true,
  "speedChangeWithoutPhaseJump": true
}

[tests/character-motion.mjs]
Character motion: 51 rigs × 4 views, moving cargo, handling, planted pivots, damage, CPU defeat and fading shadows PASS

[tests/bron-motion.mjs]
Bron: four camera views, authored extent, WebGL/Canvas anchors, rest transition and planted gait PASS

[tests/sprite-grounding.mjs]
Sprite grounding PASS: 26112 character poses, 16 rail views/headings, connected/curved/disconnected/single rails, inbound travel and save isolation.

[tests/campaign.mjs]
PASS: 1-tile facilities; seven playable subtypes share modern industries; enemies locked; delayed freight and in-flight save/load; regional inventory conservation; automatic residents; specialties; emerging states; earned status.

[tests/fix-20260930/goal-actions.mjs]
PASS K-01 every condition kind maps to a button (29 kinds) :: {"missing":[]}
PASS K-01 production conditions open a build tool (river start) :: {"weak":[]}
PASS K-01 rank 2 "개간지 확장" opens the expansion tool with its price :: {"kind":"tool","tool":"expand","label":"영토 확장 · 180G"}
PASS K-01 operations card and rank dialog render the condition buttons :: {}
PASS K-03 sanitize price matches the rule :: {"name":"sanitize","exact":true,"cuts":["money:refused:1G","water:refused:물 1","wood:refused:목재 1"]}
PASS K-03 reinforce price matches the rule :: {"name":"reinforce","exact":true,"cuts":["money:refused:1G","wood:refused:목재 1"]}
PASS K-03 mobilize price matches the rule :: {"name":"mobilize","exact":true,"cuts":["money:refused:1G","grain:refused:밀 1"]}
PASS K-03 plant price matches the rule :: {"name":"plant","exact":true,"cuts":["money:refused:1G","water:refused:물 1"]}
PASS K-03 every goods-priced button locks on the rule check and shows its sentence (sanitize, plant x2, reinforce, mobilize, rescue, council x5) :: {}
PASS K-04 next build has a tile and obtainable inputs (38 suggestions) :: {"bad":[]}
PASS K-05 sell hint leaves planned materials :: {"next":"oilpump","keep":{"plank":22,"stone":7,"gear":4,"wood":4,"glass":28,"fuel":20},"over":[]}
PASS K-05 operations card passes the plan to the hint :: {}
PASS K-05 next-build card names missing materials with an import button :: {}
PASS K-06 water shortfall names supply, offers one more well :: {"text":"물 생산이 쓰는 곳보다 적습니다 · 우물 1곳이 3곳에 공급합니다.","label":"우물 하나 더","focus":null,"tool":"well"}
PASS K-06 stock in the store that does not arrive is the path :: {"text":"창고에 물이 있지만 이 시설까지 오지 못합니다. 창고와 이어지는 빈 칸이나 흙길을 확인하세요.","label":"시설 확인","focus":3,"tool":null}
PASS K-08 no shade/pollution notes on a house, a well or a quarry :: {}
PASS K-08 a field shows shade as its effect :: [{"text":"오염 2 · 생산 -20%","tone":"negative"},{"text":"그늘 2 · 생산 -20%","tone":"negative"}]
PASS K-08 preview has no blanket 통로 확보 필요 :: {}

[goal-actions] all pass

[tests/guide-bot.mjs]
{"start":{"nation":"estern"},"reached":"지역 공급자","day":33.03,"ranks":["1단계@0일","2단계@0.8일","3단계@2.75일","4단계@5일","5단계@8.38일","6단계@10.3일","7단계@23.45일","8단계@33.03일"],"stalls":[],"worstFail":{"label":"목재 팔기","n":3,"error":"운송 수단이 모두 운행 중입니다"},"money":150,"open":["케이크 생산 0/10"]}
{"start":{"nation":"silvaen"},"reached":"지역 공급자","day":40.03,"ranks":["1단계@0일","2단계@0.88일","3단계@2일","4단계@3.7일","5단계@7.08일","6단계@9.38일","7단계@30.75일","8단계@40.03일"],"stalls":[],"worstFail":{"label":"밀가루 팔기","n":2,"error":"운송 수단이 모두 운행 중입니다"},"money":150,"open":["케이크 생산 0/10"]}
{"start":{"nation":"kardum"},"reached":"지역 공급자","day":31.03,"ranks":["1단계@0일","2단계@0.88일","3단계@2일","4단계@3.7일","5단계@7.08일","6단계@9.38일","7단계@23.18일","8단계@31.03일"],"stalls":[],"worstFail":{"label":"목재 팔기","n":2,"error":"운송 수단이 모두 운행 중입니다"},"money":150,"open":["케이크 생산 0/10"]}
SLOW estern · 8단계 on day 33.03 (goal 30) :: [{"rank":2,"days":0.8},{"rank":3,"days":1.95},{"rank":4,"days":2.25},{"rank":5,"days":3.38},{"rank":6,"days":1.92},{"rank":7,"days":13.15},{"rank":8,"days":9.58}]
PASS estern · reaches 8단계 within 45 days
PASS estern · no rank takes over 25 days
PASS estern · no stall stays on the card over 1.5 days
PASS estern · no button fails 12 times in a row
SLOW silvaen · 8단계 on day 40.03 (goal 30) :: [{"rank":2,"days":0.88},{"rank":3,"days":1.12},{"rank":4,"days":1.7},{"rank":5,"days":3.38},{"rank":6,"days":2.3},{"rank":7,"days":21.37},{"rank":8,"days":9.28}]
PASS silvaen · reaches 8단계 within 45 days
PASS silvaen · no rank takes over 25 days
PASS silvaen · no stall stays on the card over 1.5 days
PASS silvaen · no button fails 12 times in a row
SLOW kardum · 8단계 on day 31.03 (goal 30) :: [{"rank":2,"days":0.88},{"rank":3,"days":1.12},{"rank":4,"days":1.7},{"rank":5,"days":3.38},{"rank":6,"days":2.3},{"rank":7,"days":13.8},{"rank":8,"days":7.85}]
PASS kardum · reaches 8단계 within 45 days
PASS kardum · no rank takes over 25 days
PASS kardum · no stall stays on the card over 1.5 days
PASS kardum · no button fails 12 times in a row

[guide-bot] a screen-only player reaches 8단계 from every start without a dead end

[tests/balance-20260928.mjs]
PASS balance patch 2026-09-28: data, M1~M11, constants, contracts, storm, raid trial, advice, sapling, old saves

[tests/second-pass-20260928.mjs]
PASS second pass 2026-09-28: products, contract and import transport, vehicles and fuel, state trade, disease, storm, old saves

[tests/expansion-chains.mjs]
PASS expansion chains: 35+9 resources, 22+2 facilities from the spec (80 resources, 112 facilities in all); 52 product lines produce; switches lose nothing; locks, market, terrain, solar, contracts, saves and old saves.

[tests/expansion-rules.mjs]
PASS expansion rules 5/5, terrain facilities 3/3, shallow mine and wind pump: rule gate; mountain shade 3,2,2,1,1; same-kind cluster 10%/neighbour incl. corners, max 30%, extraction sites max 10%; salt 2/1 steps; mine flooding 70%; wheat parity on 94545 tiles (12502 watered); crop demands and ponds 2/1; old maps binary water; pasture +20/+10, max 40%; apiary needs clover within 2; terrain cards and refunds; old saves: 51 buildings match the old rule; balance record; shallow mine: half speed anywhere, flat tile factor, floods; wind pump: waters crops within 2 without inputs, gaps when sheltered, 64% under 3 steps; irrigator texts: crops in reach, wind shelter, supplier on the field, real-second window, no time when broken; audit 2026-10-02: broken ponds dry, tour rules, solar mountain shade, sheltered wind gaps, switch-product advice; side challenges count per rank

[tests/expansion-new-browser.mjs]
SKIP expansion-new-browser: no TOWNGRID_PLAYWRIGHT/TOWNGRID_CHROME

[tests/release.mjs]
PASS rotating recovery preserves independent new-game backup and rejects corrupt replacement
PASS nested save validation and 75-day world growth with bounded successor names
PASS audio: 112 facilities mapped; 24 working facilities -> 36 sounds in 10 s, max 4/s, max gain 0.046, 4 concurrent, 8 samples
PASS audio fallback, volume sanitation, voice cap, background playlist/beds, pause/mute, reusable noise and full node cleanup
RELEASE REGRESSIONS PASS

[tests/pixel-environment.mjs]
Pixel environment: six building states / four views / harvest / growth / PNG layout / starter production and saves in all playable nations passed.

[tests/pixel-industry.mjs]
35 industry buildings: four views, fixed architecture, inventory, service expiry/power/disable, paused tools, battery and sparse ghosts passed.

[tests/pixel-world.mjs]
World art: 107 facilities, 41 new profiles; atlas coverage, stock/pause/services, terrain/save/roads, and 16 network topologies passed.

[tests/building-art-guard.mjs]
Building art guard passed: 112 facilities have pixel art on disk; missing art falls back to a marker.

[tests/art-completion.mjs]
Art coverage passed: 107 buildings, 11 vehicles × 4 headings × 4 views, 86 UI icons, 118 recipes, damage/repair and shipment loading.

[tests/environment-motion.mjs]
Environment motion PASS: 104 facilities × 4 views, collapse/repair, projected discs, distance-driven vehicles, actual network/terminal transfers, pause and save isolation.

[tests/farm-art.mjs]
Expansion art: 24/24 facilities × 4 views, 9 crop strips, 35/35 goods after 36 and 9/9 after 71, 107 facilities with art.

[tests/farm-motion.mjs]
Farm motion: authored poses, fixed bodies, walking/feeding, pause, rotation, disable, damage/repair and save-state isolation passed.

[tests/quarter-camera.mjs]
Quarter camera: four views, fixed pitch, orbit lock, return to origin, target and zoom preservation passed.

[tests/screen-art.mjs]
Screen artwork: 24 daily scenes / 27 existing cast / 4 transitions; independent no-repeat decks, migration, source manifests and thumbnails verified.

[tests/screen-motion.mjs]
PASS 31 scene motion/ambience configurations, cover/contain coordinates, 24 original sounds and fallback files.

[scripts/check-pixel-characters.mjs]
51 character identities, four facings, 256 cells each; alternating 12-frame walk/carry and foot contacts verified.

[tests/audit/export-chokepoint.mjs]
{"before":{"connected":true,"error":null,"busy":0,"carts":1,"vehicles":[{"kind":"van","slotId":"starter","busy":false,"selected":true,"name":"소형 트럭","fuel":true}],"fuelFree":0,"fuelPerTrip":1,"destinationId":"estern-0","destination":"하벤 수도권","distance":4,"worldRoute":[[11,13],[11,14],[12,14],[13,14],[14,14]],"mode":"road","fuelItem":"fuel","duration":4,"fuel":1,"fuelReady":true,"capacity":10,"spareFuel":40,"waterside":true,"waterRoute":false,"inTransit":0,"imports":0,"contract":false},"placementWarning":"수출길을 막는 자리입니다 · 창고에서 수출 관문까지 가는 길이 끊깁니다","built":{"ok":false,"error":"수출길을 막는 자리입니다 · 창고에서 수출 관문까지 가는 길이 끊깁니다"},"after":{"connected":true,"error":null,"busy":0,"carts":1,"vehicles":[{"kind":"van","slotId":"starter","busy":false,"selected":true,"name":"소형 트럭","fuel":true}],"fuelFree":0,"fuelPerTrip":1,"destinationId":"estern-0","destination":"하벤 수도권","distance":4,"worldRoute":[[11,13],[11,14],[12,14],[13,14],[14,14]],"mode":"road","fuelItem":"fuel","duration":4,"fuel":1,"fuelReady":true,"capacity":10,"spareFuel":40,"waterside":true,"waterRoute":false,"inTransit":0,"imports":0,"contract":false},"sale":{"ok":true,"amount":10,"revenue":91}}
NOT-REPRODUCED X1-export-chokepoint-8-11 :: {"placementWarning":"수출길을 막는 자리입니다 · 창고에서 수출 관문까지 가는 길이 끊깁니다","after":null}
river export choke tiles on starting land: []
coast export choke tiles on starting land: []
highland export choke tiles on starting land: []
NOT-REPRODUCED X2-autosell-silent-when-blocked :: {"connected":true,"shipments":1,"notices":[],"note":"older save with a house on (8,11); stock set directly to 200 wood to trigger auto-sell"}

[export-chokepoint] 0 of 2 audit findings reproduced

[tests/audit/raid-gated-trial.mjs]
first raid (game days) per seed ["2.4일","2.4일","2.4일","2.4일","2.4일","2.4일","2.4일","2.4일","2.4일","2.4일","2.4일","2.4일","2.4일","2.4일","2.4일","2.4일","2.4일","2.4일","2.4일","2.4일","2.4일","2.4일","2.4일","2.4일","2.4일","2.4일","2.4일","2.4일","2.4일","2.4일"]
NOT-REPRODUCED T1-trial-waits-on-random-raid :: {"medianDays":2.4,"max":2.4,"neverWithin40Days":0,"code":"progression.js:9 defended; simulation.js:183 raid only via chooseEvent"}

[raid-gated-trial] 0 of 1 audit findings reproduced

[tests/audit/events-early.mjs]
NOT-REPRODUCED V1-illness-advice-names-locked-clinic :: {"rank":0,"notice":"감염 발생 · 방역(35G · 물 8 · 목재 3)으로 확산을 낮추세요.","alert":"진료소에 약초와 물 공급","clinicUnlock":"준자유민","infectionPerDayNoAction":[49,65,100,100,100,100,100,100,100,100],"note":"nextEvent set directly to roll events sooner"}
NOT-REPRODUCED V2-storm-target-deterministic-first-building :: {"hitsAcrossLayouts":["","","","","",""],"code":"simulation.js:192-194 list.find(nearWater)||list[0]"}
NOT-REPRODUCED V3-hints-name-locked-buildings :: []

[events-early] 0 of 3 audit findings reproduced

[tests/audit/progression-and-docs.mjs]
redundant []
unreachable []
NOT-REPRODUCED P1-requirements-already-met-by-earlier-rank :: {"count":0,"items":[]}
NOT-REPRODUCED P2-requirement-without-means :: []
doc rank rows 33 of 33 ; facility rows 112 of 112
NOT-REPRODUCED D1-design-doc-rank-table-drift :: []
NOT-REPRODUCED D2-design-doc-facility-table-drift :: []
NOT-REPRODUCED D3-facilities-missing-from-design-doc :: []
NOT-REPRODUCED D4-design-doc-says-GLB-residents :: {"line":0,"note":"AGENTS.md: residents are 2D pixel atlases (public/assets/pixel-characters)"}

[progression-and-docs] 0 of 6 audit findings reproduced

[tests/audit/stock-ledger.mjs]
{"seconds":900,"actions":131,"imports":14,"contracts":9,"recipeSwitches":51,"fuelTrips":26,"anomalies":0,"sample":[]}
NOT-REPRODUCED L1-unexplained-item-delta :: {"count":0,"byContext":[]}
NOT-REPRODUCED L2-negative-stock :: []
NOT-REPRODUCED L3-stock-above-capacity :: {"over":[],"reported":["grain","fuel","steel","car","medicine","water","flour","iron","coal","oil","mana","gear","circuit","fish","copper","jetfuel","chromium","dough"]}

[stock-ledger] 0 of 3 audit findings reproduced

[tests/audit/save-edges.mjs]
["mid-raid speed4",true,null]
["rescue river detour",true,null]
["route ambush speed4",true,null,[-0.7]]
["carts + pending storm",true,null]
NOT-REPRODUCED S1-roundtrip-failure :: []
save size [{"sites":1,"saveChars":39402,"threeCopiesMB":0.23},{"sites":4,"saveChars":86266,"threeCopiesMB":0.49},{"sites":8,"saveChars":180008,"threeCopiesMB":1.03},{"sites":16,"saveChars":367474,"threeCopiesMB":2.1},{"sites":24,"saveChars":555022,"threeCopiesMB":3.18}]

[save-edges] 0 of 1 audit findings reproduced

[tests/audit/debt-spiral.mjs]
[{"day":11,"money":1335,"debt":1000,"wage":32,"loans":0,"unrest":5,"support":75},{"day":21,"money":1015,"debt":1000,"wage":32,"loans":0,"unrest":0,"support":80},{"day":31,"money":695,"debt":1000,"wage":32,"loans":0,"unrest":0,"support":80},{"day":41,"money":375,"debt":1000,"wage":32,"loans":0,"unrest":0,"support":80},{"day":51,"money":426,"debt":1496,"wage":37,"loans":1,"unrest":0,"support":80},{"day":61,"money":416,"debt":1977,"wage":42,"loans":2,"unrest":0,"support":80},{"day":71,"money":359,"debt":2469,"wage":47,"loans":3,"unrest":0,"support":80},{"day":81,"money":240,"debt":2958,"wage":52,"loans":4,"unrest":0,"support":80}]
NOT-REPRODUCED B1-debt-spiral-irreversible :: {"after80Days":{"day":81,"money":240,"debt":2958,"wage":52,"loans":4,"unrest":0,"support":80},"referenceIncomePerDayWithGrainAutoSell":89,"code":"simulation.js:90 wage adds ceil(debt*1%); economy.js:39-40 loan adds 130% to debt"}

[debt-spiral] 0 of 1 audit findings reproduced

[tests/audit/branch-site.mjs]
{"found":{"ok":true,"id":"site-2"},"builtAtBranch":[["warehouse",true],["house",true],["lumber",true],["well",true]],"branchStock":{"wood":38,"stone":11,"water":31},"route":{"status":"운송 중","completed":1},"deliveries":1,"branchStatus":["warehouse@11,12:운반 중","house@11,14:정상 운영","lumber@9,10:생산 중","well@13,12:생산 중"]}
NOT-REPRODUCED G1-branch-cannot-bootstrap :: {"found":{"ok":true,"id":"site-2"},"steps":[["warehouse",true],["house",true],["lumber",true],["well",true]],"route":"운송 중"}

[branch-site] 0 of 1 audit findings reproduced

[tests/audit/sapling-timer.mjs]
NOT-REPRODUCED Y1-sapling-eta-understated :: {"shownDays":2,"actualDays":2,"code":"Game.tsx tile panel ceil((growAt-time)/80); simulation.js:149 growth only on day change"}

[sapling-timer] 0 of 1 audit findings reproduced

TownGrid local regression checks passed.
