
[tests/simulation.mjs]
{
  "result": "PASS",
  "breadSold": 80,
  "money": 1564,
  "grainProduced": 201,
  "workers": 5,
  "industryParts": 8,
  "checked": [
    "food chain and hauling",
    "profits after wages",
    "save/load with cargo",
    "land expansion",
    "storm and repair",
    "debt and family",
    "water proximity rules",
    "powered industry",
    "pause"
  ]
}

[tests/export-route.mjs]
{"result":"PASS","checked":["export road on every region","no warehouse no export","paid on arrival","cart limit","save/load in transit","carts return","road protected","blocked route","old save upgrade","tampered route rejected","starter and showcase villages"]}

[tests/trade-routes.mjs]
{"result":"PASS","checked":["port sizes by water","a land route in every province","10 route kinds on the map","estuary and upper river ports","no province inside a lake","gate lot by land route","auto lot min(10,cap)","unknown terminal rejected","vanished terminal falls back","tampered choice rejected","old save loads","campaign sites use their province"]}

[tests/trade-terminals.mjs]
{"result":"PASS","checked":["user lot sizes","gate lot 10","ports on water only","port kind by tile water","river port ships 100","road hub needs joined road","paved hub needs paving","choice save/load/fallback","broken terminal skipped","rail terminal and its price","airport and air terminal","ice snowmobile and polar ports","desert sand","mountain side and conveyor","pipe moves water","power reach and substation","showcase powered","old saves"]}

[tests/world-grid.mjs]
{"result":"PASS","checked":["one site square per province","sides are neighbour squares","trade water = side water","every terrain on some side","capitals play like their nation","sea under a fifth","all ecologies playable","ferry routes","start land and road dry","port on its own water","layout saved","bad layout rejected","mountain side ground and conveyors","old saves keep region water","bare map legacy","campaign sites on their square"]}

[tests/atlas-geometry.mjs]
{"tiles":1550,"terrainPaths":10,"reductionPercent":99.4,"countries":30,"provinces":180}

[tests/starting-sites.mjs]
{"result":"PASS","nations":12,"locations":60,"checks":["noncapital defaults","selected location and terrain","invalid starts rejected","new and legacy saves","distinct expansion sites"]}

[tests/map-edges.mjs]
Map edges: four rotated layouts, mountain yield/resources, forest density, sea/freshwater ports/irrigation, matching scenery and save compatibility PASS.

[tests/biomes.mjs]
Biomes PASS: eight playable profiles, actual resource advantages, oil/oasis, marsh water, matching scenery, deterministic generation and old/new saves.

[tests/residents.mjs]
RESIDENTS PASS

[tests/facility-staff.mjs]
node:internal/modules/run_main:123
    triggerUncaughtException(
    ^

AssertionError [ERR_ASSERTION]: sugarfield has a profession
    at file:///C:/Users/ghd12/Desktop/TownGrid/tests/facility-staff.mjs:29:10
    at ModuleJob.run (node:internal/modules/esm/module_job:343:25)
    at async onImport.tracePromise.__proto__ (node:internal/modules/esm/loader:647:26)
    at async asyncRunEntryPointWithESMLoader (node:internal/modules/run_main:117:5) {
  generatedMessage: false,
  code: 'ERR_ASSERTION',
  actual: null,
  expected: true,
  operator: '=='
}

Node.js v22.18.0
