
> towngrid@0.1.0 build
> node scripts/run-framework.mjs build


  vinext build  (Vite 8.0.13)

[1/5] analyze client references...

transforming...✓ 231 modules transformed.
rendering chunks...
node.exe : [PLUGIN_TIMINGS] Your build spent significant time in plugins. Here is a breakdown:
At line:1 char:1
+ & "C:\Program Files\nodejs/node.exe" "C:\Program Files\nodejs/node_mo ...
+ ~~~~~~~~~~~~~~~~~~~~~~~~~~~~~~~~~~~~~~~~~~~~~~~~~~~~~~~~~~~~~~~~~~~~~
    + CategoryInfo          : NotSpecified: ([PLUGIN_TI...is a breakdown::String) [], RemoteException
    + FullyQualifiedErrorId : NativeCommandError
 
  - vinext:middleware-server-only (31%)
  - vinext:rsc-client-reference-loaders (16%)
  - rsc:rsc-css-export-transform (16%)
  - rsc:scan-strip (8%)
  - rsc:use-client (8%)
See https://rolldown.rs/options/checks#plugintimings for more details.

✓ built in 11.71s
[2/5] analyze server references...

transforming...✓ 302 modules transformed.
rendering chunks...
✓ built in 1.36s
[3/5] build rsc environment...

transforming...✓ 228 modules transformed.
rendering chunks...
computing gzip size...
[PLUGIN_TIMINGS] Your build spent significant time in plugins. Here is a breakdown:
  - vinext:css-data-url (19%)
  - vinext:og-inline-fetch-assets (16%)
  - rsc:use-client (15%)
  - rsc:virtual-client-package (12%)
  - vinext:optimize-imports (11%)
See https://rolldown.rs/options/checks#plugintimings for more details.

✓ built in 10.34s
[4/5] build client environment...

transforming...✓ 2092 modules transformed.
rendering chunks...
computing gzip size...
[plugin builtin:vite-reporter] 
(!) Some chunks are larger than 500 kB after minification. Consider:
- Using dynamic import() to code-split the application
- Use build.rolldownOptions.output.codeSplitting to improve chunking: https://rolldown.rs/reference/OutputOptions.codeS
plitting
- Adjust chunk size limit for this warning via build.chunkSizeWarningLimit.
✓ built in 2.76s
[5/5] build ssr environment...

transforming...✓ 308 modules transformed.
rendering chunks...
computing gzip size...
✓ built in 925ms

  Route (app)
  ┌ ? /              
  └ ? /screen-preview

  ? Unknown

  ? Some routes could not be classified. vinext currently uses static analysis
    and cannot detect dynamic API usage (headers(), cookies(), etc.) at build time.
    Automatic classification will be improved in a future release.

  Build complete. Run `vinext start` to start the production server.

