[step] load
[step] fps
[step] memory 1 min at 4x
[step] {"minute":0,"realS":2,"heapMB":32.1,"nodes":1014,"listeners":678,"documents":1,"game":90,"buildings":37,"workers":9,"shipments":1,"notices":1,"geometries":73,"textures":75,"programs":44,"sceneChildren":8,"worldChildren":231,"toasts":1,"rebuilds":0,"rebuildMsP95":0,"fps":60,"p95":16.8,"frames":121}
[step] {"minute":1,"realS":61,"heapMB":32.7,"nodes":1024,"listeners":676,"documents":1,"game":324,"buildings":37,"workers":9,"shipments":1,"notices":4,"geometries":73,"textures":75,"programs":44,"sceneChildren":8,"worldChildren":231,"toasts":1,"rebuilds":0,"rebuildMsP95":0,"fps":60,"p95":16.8,"frames":121}
{
 "load": {
  "home": {
   "titleVisibleMs": 357,
   "homeReadyMs": 33434,
   "titleClicks": 3
  },
  "slowestRequests": [
   {
    "u": "/src/app/globals.css",
    "start": 203,
    "ms": 101,
    "wait": 96
   },
   {
    "u": "/assets/screens/daily-v3/map-table.webp",
    "start": 612,
    "ms": 45,
    "wait": 40
   },
   {
    "u": "/assets/screens/daily-v3/records-room.webp",
    "start": 612,
    "ms": 45,
    "wait": 40
   },
   {
    "u": "/assets/screens/daily-v3/village-arrival.webp",
    "start": 612,
    "ms": 45,
    "wait": 40
   },
   {
    "u": "/assets/screens/daily-v3/river-crossing.webp",
    "start": 612,
    "ms": 45,
    "wait": 41
   },
   {
    "u": "/node_modules/.pnpm/vinext@1.0.0-beta.5_@vitejs_83db80f580ed9bdd6c2d1523b512e93c/node_modules/vinext/dist/shims/navigation.js",
    "start": 347,
    "ms": 44,
    "wait": 7
   },
   {
    "u": "/node_modules/.vite/deps/react-dom_client.js",
    "start": 347,
    "ms": 42,
    "wait": 4
   },
   {
    "u": "/@id/__x00__virtual:vinext-app-capabilities",
    "start": 347,
    "ms": 41,
    "wait": 4
   },
   {
    "u": "/node_modules/.vite/deps/chunk-CYJPkc-J.js",
    "start": 348,
    "ms": 41,
    "wait": 4
   },
   {
    "u": "/node_modules/.pnpm/@vitejs+plugin-rsc@0.5.26_r_e947b86850a1967ce571b3244ccf3e2c/node_modules/@vitejs/plugin-rsc/dist/browser.js",
    "start": 347,
    "ms": 40,
    "wait": 4
   },
   {
    "u": "/assets/pixel-environment/quarry.png",
    "start": 627,
    "ms": 40,
    "wait": 2
   },
   {
    "u": "/assets/pixel-environment/mill.png",
    "start": 627,
    "ms": 40,
    "wait": 1
   }
  ],
  "requestCount": 250,
  "gpu": "ANGLE (NVIDIA, NVIDIA GeForce RTX 5080 (0x00002C02) Direct3D11 vs_5_0 ps_5_0, D3D11)",
  "demoMs": 665,
  "totalToPlayableMs": 34110
 },
 "scene": {
  "buildings": 37,
  "workers": 9,
  "models": 46,
  "geometries": 72,
  "textures": 74,
  "quality": "auto",
  "maxFps": 60,
  "pixelRatio": 1,
  "shadows": true
 },
 "fps": {
  "default-1x": {
   "frames": 122,
   "p50": 16.7,
   "p95": 16.7,
   "max": 16.8,
   "gameFps": 60,
   "renderer": "webgl",
   "longTasks": 0,
   "rebuilds": 0
  },
  "4x": {
   "frames": 121,
   "p50": 16.7,
   "p95": 16.8,
   "max": 16.8,
   "gameFps": 60,
   "renderer": "webgl",
   "longTasks": 0,
   "rebuilds": 0
  },
  "zoomed-out": {
   "frames": 121,
   "p50": 16.7,
   "p95": 16.8,
   "max": 16.8,
   "gameFps": 60,
   "renderer": "webgl",
   "longTasks": 0,
   "rebuilds": 0
  },
  "zoomed-in": {
   "frames": 121,
   "p50": 16.7,
   "p95": 16.8,
   "max": 16.8,
   "gameFps": 60,
   "renderer": "webgl",
   "longTasks": 0,
   "rebuilds": 0
  },
  "labels-on": {
   "frames": 121,
   "p50": 16.7,
   "p95": 16.7,
   "max": 16.9,
   "gameFps": 60,
   "renderer": "webgl",
   "longTasks": 0,
   "rebuilds": 0
  },
  "rotate": {
   "first10": [
    10.6,
    16.7,
    16.6,
    16.7,
    16.8,
    16.6,
    16.6,
    16.6,
    16.8,
    16.6
   ],
   "max": 16.8
  },
  "dragging": {
   "frames": 121,
   "p50": 16.7,
   "p95": 16.8,
   "max": 16.8,
   "gameFps": 60,
   "renderer": "webgl"
  },
  "build-dock-open": {
   "frames": 121,
   "p50": 16.7,
   "p95": 16.8,
   "max": 16.8,
   "gameFps": 60,
   "renderer": "webgl",
   "longTasks": 0,
   "rebuilds": 0
  },
  "phone-390": {
   "frames": 121,
   "p50": 16.7,
   "p95": 16.8,
   "max": 16.8,
   "gameFps": 60,
   "renderer": "webgl",
   "longTasks": 0,
   "rebuilds": 0
  }
 },
 "rebuild": {
  "count": 0,
  "perMinute": 0
 },
 "longTasks": {
  "count": 4,
  "over50": 4,
  "over100": 3,
  "over200": 3,
  "max": 776
 },
 "first": {
  "minute": 0,
  "realS": 2,
  "heapMB": 32.1,
  "nodes": 1014,
  "listeners": 678,
  "documents": 1,
  "game": 90,
  "buildings": 37,
  "workers": 9,
  "shipments": 1,
  "notices": 1,
  "geometries": 73,
  "textures": 75,
  "programs": 44,
  "sceneChildren": 8,
  "worldChildren": 231,
  "toasts": 1,
  "rebuilds": 0,
  "rebuildMsP95": 0,
  "fps": 60,
  "p95": 16.8,
  "frames": 121
 },
 "last": {
  "minute": 1,
  "realS": 61,
  "heapMB": 32.7,
  "nodes": 1024,
  "listeners": 676,
  "documents": 1,
  "game": 324,
  "buildings": 37,
  "workers": 9,
  "shipments": 1,
  "notices": 4,
  "geometries": 73,
  "textures": 75,
  "programs": 44,
  "sceneChildren": 8,
  "worldChildren": 231,
  "toasts": 1,
  "rebuilds": 0,
  "rebuildMsP95": 0,
  "fps": 60,
  "p95": 16.8,
  "frames": 121
 },
 "profileTop": [
  "3697ms 71.6% (idle) :0",
  "234ms 4.5% (program) :0",
  "142ms 2.8% exports.jsxDEV react_jsx-dev-runtime.js:191",
  "85ms 1.6% updateMatrixWorld three.module-LOgJmgpk.js:10046",
  "69ms 1.3% getParameters three.module-LOgJmgpk.js:46049",
  "50ms 1.0% loop scene.js:584",
  "41ms 0.8% getProgram three.module-LOgJmgpk.js:52154",
  "38ms 0.7% setProgram three.module-LOgJmgpk.js:52255",
  "35ms 0.7% WebGLRenderer.renderBufferDirect three.module-LOgJmgpk.js:51717",
  "33ms 0.6% projectObject three.module-LOgJmgpk.js:52007",
  "31ms 0.6% refreshMaterialUniforms three.module-LOgJmgpk.js:49981",
  "28ms 0.5% tick simulation.js:922"
 ]
}
