[step] load
[step] fps
[step] memory 10 min at 4x
[step] {"minute":0,"realS":2,"heapMB":31.4,"nodes":1007,"listeners":676,"documents":1,"game":97,"buildings":37,"workers":9,"shipments":1,"notices":1,"geometries":73,"textures":75,"programs":44,"sceneChildren":8,"worldChildren":231,"toasts":0,"rebuilds":0,"rebuildMsP95":0,"fps":50,"p95":16.8,"frames":121}
[step] {"minute":1,"realS":61,"heapMB":32.5,"nodes":1031,"listeners":677,"documents":1,"game":331,"buildings":37,"workers":9,"shipments":0,"notices":4,"geometries":73,"textures":74,"programs":44,"sceneChildren":8,"worldChildren":230,"toasts":1,"rebuilds":0,"rebuildMsP95":0,"fps":60,"p95":16.8,"frames":121}
[step] {"minute":2,"realS":119,"heapMB":34.4,"nodes":1050,"listeners":676,"documents":1,"game":565,"buildings":37,"workers":9,"shipments":0,"notices":5,"geometries":73,"textures":74,"programs":44,"sceneChildren":8,"worldChildren":230,"toasts":1,"rebuilds":0,"rebuildMsP95":0,"fps":60,"p95":16.8,"frames":121}
[step] {"minute":3,"realS":178,"heapMB":34.6,"nodes":1041,"listeners":674,"documents":1,"game":800,"buildings":37,"workers":9,"shipments":0,"notices":5,"geometries":73,"textures":74,"programs":44,"sceneChildren":8,"worldChildren":230,"toasts":0,"rebuilds":0,"rebuildMsP95":0,"fps":60,"p95":16.8,"frames":121}
[step] {"minute":4,"realS":237,"heapMB":34.8,"nodes":1041,"listeners":674,"documents":1,"game":1034,"buildings":37,"workers":9,"shipments":0,"notices":5,"geometries":73,"textures":74,"programs":44,"sceneChildren":8,"worldChildren":230,"toasts":0,"rebuilds":0,"rebuildMsP95":0,"fps":60,"p95":16.8,"frames":120}
[step] {"minute":5,"realS":295,"heapMB":35,"nodes":1049,"listeners":671,"documents":1,"game":1269,"buildings":37,"workers":9,"shipments":0,"notices":5,"geometries":73,"textures":74,"programs":44,"sceneChildren":8,"worldChildren":230,"toasts":0,"rebuilds":0,"rebuildMsP95":0,"fps":60,"p95":16.8,"frames":121}
[step] {"minute":6,"realS":354,"heapMB":35.5,"nodes":1077,"listeners":671,"documents":1,"game":1503,"buildings":37,"workers":9,"shipments":0,"notices":5,"geometries":73,"textures":74,"programs":44,"sceneChildren":8,"worldChildren":230,"toasts":0,"rebuilds":0,"rebuildMsP95":0,"fps":60,"p95":16.8,"frames":121}
[step] {"minute":7,"realS":412,"heapMB":35.8,"nodes":1077,"listeners":673,"documents":1,"game":1737,"buildings":37,"workers":9,"shipments":0,"notices":5,"geometries":73,"textures":74,"programs":44,"sceneChildren":8,"worldChildren":230,"toasts":0,"rebuilds":0,"rebuildMsP95":0,"fps":60,"p95":16.8,"frames":121}
[step] {"minute":8,"realS":471,"heapMB":36.1,"nodes":1073,"listeners":670,"documents":1,"game":1971,"buildings":37,"workers":9,"shipments":0,"notices":5,"geometries":73,"textures":74,"programs":44,"sceneChildren":8,"worldChildren":230,"toasts":0,"rebuilds":0,"rebuildMsP95":0,"fps":60,"p95":16.8,"frames":121}
[step] {"minute":9,"realS":529,"heapMB":36.2,"nodes":1077,"listeners":673,"documents":1,"game":2205,"buildings":37,"workers":9,"shipments":0,"notices":5,"geometries":73,"textures":74,"programs":44,"sceneChildren":8,"worldChildren":230,"toasts":0,"rebuilds":0,"rebuildMsP95":0,"fps":60,"p95":16.8,"frames":121}
[step] {"minute":10,"realS":588,"heapMB":36.3,"nodes":1077,"listeners":671,"documents":1,"game":2440,"buildings":37,"workers":9,"shipments":0,"notices":5,"geometries":73,"textures":74,"programs":44,"sceneChildren":8,"worldChildren":230,"toasts":0,"rebuilds":0,"rebuildMsP95":0,"fps":60,"p95":16.8,"frames":121}
{
 "load": {
  "home": {
   "titleVisibleMs": 594,
   "homeReadyMs": 3884,
   "titleClicks": 2
  },
  "slowestRequests": [
   {
    "u": "/src/app/globals.css",
    "start": 325,
    "ms": 148,
    "wait": 132
   },
   {
    "u": "/assets/pixel-environment/exportGate.png",
    "start": 944,
    "ms": 88,
    "wait": 1
   },
   {
    "u": "/assets/pixel-environment/cargoTruck.png",
    "start": 944,
    "ms": 88,
    "wait": 1
   },
   {
    "u": "/assets/pixel-environment/cargoTrain.png",
    "start": 944,
    "ms": 88,
    "wait": 1
   },
   {
    "u": "/assets/pixel-environment/lighthouse.png",
    "start": 944,
    "ms": 87,
    "wait": 1
   },
   {
    "u": "/assets/pixel-environment/bush.png",
    "start": 944,
    "ms": 85,
    "wait": 1
   },
   {
    "u": "/assets/pixel-environment/reeds.png",
    "start": 944,
    "ms": 85,
    "wait": 0
   },
   {
    "u": "/assets/pixel-environment/ruin.png",
    "start": 944,
    "ms": 85,
    "wait": 1
   },
   {
    "u": "/assets/pixel-environment/expansionGoods.png",
    "start": 943,
    "ms": 84,
    "wait": 2
   },
   {
    "u": "/assets/pixel-environment/willow.png",
    "start": 944,
    "ms": 84,
    "wait": 1
   },
   {
    "u": "/assets/pixel-environment/palm.png",
    "start": 944,
    "ms": 84,
    "wait": 1
   },
   {
    "u": "/assets/pixel-environment/cliff.png",
    "start": 944,
    "ms": 82,
    "wait": 1
   }
  ],
  "requestCount": 250,
  "gpu": "ANGLE (NVIDIA, NVIDIA GeForce RTX 5080 (0x00002C02) Direct3D11 vs_5_0 ps_5_0, D3D11)",
  "demoMs": 866,
  "totalToPlayableMs": 4778
 },
 "scene": {
  "buildings": 37,
  "workers": 9,
  "models": 46,
  "geometries": 72,
  "textures": 74,
  "quality": "auto",
  "maxFps": 60,
  "pixelRatio": 1,
  "shadows": true
 },
 "fps": {
  "default-1x": {
   "frames": 122,
   "p50": 16.7,
   "p95": 16.8,
   "max": 16.9,
   "gameFps": 60,
   "renderer": "webgl",
   "longTasks": 0,
   "rebuilds": 0
  },
  "4x": {
   "frames": 121,
   "p50": 16.7,
   "p95": 16.8,
   "max": 16.8,
   "gameFps": 60,
   "renderer": "webgl",
   "longTasks": 0,
   "rebuilds": 0
  },
  "zoomed-out": {
   "frames": 121,
   "p50": 16.7,
   "p95": 16.8,
   "max": 16.9,
   "gameFps": 60,
   "renderer": "webgl",
   "longTasks": 0,
   "rebuilds": 0
  },
  "zoomed-in": {
   "frames": 121,
   "p50": 16.7,
   "p95": 16.8,
   "max": 17.9,
   "gameFps": 60,
   "renderer": "webgl",
   "longTasks": 0,
   "rebuilds": 0
  },
  "labels-on": {
   "frames": 121,
   "p50": 16.7,
   "p95": 16.7,
   "max": 16.9,
   "gameFps": 60,
   "renderer": "webgl",
   "longTasks": 0,
   "rebuilds": 0
  },
  "rotate": {
   "first10": [
    6.2,
    16.6,
    16.8,
    16.6,
    16.7,
    16.6,
    16.7,
    16.6,
    16.7,
    16.7
   ],
   "max": 16.8
  },
  "dragging": {
   "frames": 121,
   "p50": 16.7,
   "p95": 16.8,
   "max": 16.8,
   "gameFps": 60,
   "renderer": "webgl"
  },
  "build-dock-open": {
   "frames": 122,
   "p50": 16.7,
   "p95": 16.8,
   "max": 16.8,
   "gameFps": 60,
   "renderer": "webgl",
   "longTasks": 0,
   "rebuilds": 0
  },
  "phone-390": {
   "frames": 121,
   "p50": 16.7,
   "p95": 16.8,
   "max": 16.8,
   "gameFps": 60,
   "renderer": "webgl",
   "longTasks": 0,
   "rebuilds": 0
  }
 },
 "rebuild": {
  "count": 0,
  "perMinute": 0
 },
 "longTasks": {
  "count": 5,
  "over50": 5,
  "over100": 3,
  "over200": 3,
  "max": 1023
 },
 "first": {
  "minute": 0,
  "realS": 2,
  "heapMB": 31.4,
  "nodes": 1007,
  "listeners": 676,
  "documents": 1,
  "game": 97,
  "buildings": 37,
  "workers": 9,
  "shipments": 1,
  "notices": 1,
  "geometries": 73,
  "textures": 75,
  "programs": 44,
  "sceneChildren": 8,
  "worldChildren": 231,
  "toasts": 0,
  "rebuilds": 0,
  "rebuildMsP95": 0,
  "fps": 50,
  "p95": 16.8,
  "frames": 121
 },
 "last": {
  "minute": 10,
  "realS": 588,
  "heapMB": 36.3,
  "nodes": 1077,
  "listeners": 671,
  "documents": 1,
  "game": 2440,
  "buildings": 37,
  "workers": 9,
  "shipments": 0,
  "notices": 5,
  "geometries": 73,
  "textures": 74,
  "programs": 44,
  "sceneChildren": 8,
  "worldChildren": 230,
  "toasts": 0,
  "rebuilds": 0,
  "rebuildMsP95": 0,
  "fps": 60,
  "p95": 16.8,
  "frames": 121
 },
 "profileTop": [
  "3768ms 73.2% (idle) :0",
  "223ms 4.3% (program) :0",
  "96ms 1.9% updateMatrixWorld three.module-LOgJmgpk.js:10046",
  "64ms 1.2% getParameters three.module-LOgJmgpk.js:46049",
  "49ms 0.9% loop scene.js:584",
  "43ms 0.8% exports.jsxDEV react_jsx-dev-runtime.js:191",
  "41ms 0.8% WebGLRenderer.renderBufferDirect three.module-LOgJmgpk.js:51717",
  "36ms 0.7% getProgram three.module-LOgJmgpk.js:52154",
  "33ms 0.6% setProgram three.module-LOgJmgpk.js:52255",
  "30ms 0.6% exports.createElement react.js:591",
  "29ms 0.6% tick simulation.js:922",
  "29ms 0.6% projectObject three.module-LOgJmgpk.js:52007"
 ]
}
