# 밸런스 보고서 (code)

자원 80종 · 시설 112종(생산 59, 대안 제품 45개 · 25곳) · 승급 33단계 · 시작 시설: 창고, 흙길, 우물, 밀밭, 벌목장, 채석장, 주민 주택, 어항

## 1. 생산 시설 경제 (1배속 실제 시간·기준 가격)

| 단계 | 시설 | 그룹 | 깊이 | 주기(실제 초) | 투입 | 산출 | 산출/분 | 원가/분 | 순이익/분 | 건설가치 | 회수(분) | 타일당/분 | 가공우위 | 산출/투입 |
|---|---|---|---|---|---|---|---|---|---|---|---|---|---|---|
| 0 | 소형 증류소 | energy | 2 | 120 | 밀 6 · 목재 3 · 물 2 | 연료 1 | 37.5 | 43.5 | -6 | 254 | -42.3 | 21.6 | 0.21 | 0.86 |
| 0 | 어항 | farm | 0 | 24 | — | 생선 3 | 90 | 0 | 90 | 270 | 3 | 90 | — | — |
| 0 | 밀밭 | farm | 1 | 24 | 물 1 | 밀 3 | 67.5 | 7.5 | 60 | 45 | 0.8 | 54 | 1.8 | 9 |
| 0 | 벌목장 | base | 0 | 16 | — | 목재 3 | 101.3 | 0 | 101.3 | 126 | 1.2 | 101.3 | — | — |
| 0 | 채석장 | base | 0 | 18 | — | 석재 2 | 66.7 | 0 | 66.7 | 145 | 2.2 | 66.7 | — | — |
| 0 | 우물 | base | 0 | 12 | — | 물 2 | 30 | 0 | 30 | 100 | 3.3 | 30 | — | — |
| 1 | 제재소 | craft | 1 | 20 | 목재 2 | 판재 3 | 225 | 54 | 171 | 252 | 1.5 | 146.7 | 1.45 | 4.17 |
| 2 | 제분소 | craft | 2 | 20 | 밀 3 | 밀가루 3 | 207 | 81 | 126 | 300 | 2.4 | 82.8 | 1.53 | 2.56 |
| 2 | 소금밭 | farm | 1 | 24 | 물 1 | 소금 2 | 70 | 7.5 | 62.5 | 93 | 1.5 | 56 | 1.87 | 9.33 |
| 2 | 훈제장 | craft | 1 | 20 | 생선 2 · 목재 1 | 훈제 생선 2 | 306 | 99 | 207 | 214 | 1 | 148.1 | 1.46 | 3.09 |
| 2 | 훈제장 · 소금 절임 | craft | 2 | 24 | 생선 2 · 소금 1 | 훈제 생선 3 | 382.5 | 95 | 287.5 | 214 | 0.7 | 166.9 | 1.85 | 4.03 |
| 2 | 사탕수수밭 | farm | 1 | 28 | 물 1 | 사탕수수 3 | 64.3 | 6.4 | 57.9 | 87 | 1.5 | 52.9 | 1.76 | 10 |
| 3 | 빵집 | craft | 3 | 26 | 밀가루 2 · 물 1 · 목재 1 | 빵 5 | 484.6 | 133.8 | 350.8 | 332 | 0.9 | 178.3 | 1.76 | 3.62 |
| 3 | 목화밭 | farm | 1 | 18 | 물 1 | 목화 2 | 86.7 | 10 | 76.7 | 82 | 1.1 | 65 | 2.17 | 8.67 |
| 3 | 제분소 · 설탕 | craft | 2 | 24 | 사탕수수 3 | 설탕 2 | 170 | 75 | 95 | 300 | 3.2 | 70.3 | 1.33 | 2.27 |
| 4 | 빵집 · 딸기잼 | craft | 3 | 28 | 딸기 3 · 설탕 1 | 딸기잼 2 | 514.3 | 162.9 | 351.4 | 332 | 0.9 | 141.2 | 2.01 | 3.16 |
| 4 | 딸기밭 | farm | 1 | 24 | 물 1 | 딸기 2 | 70 | 7.5 | 62.5 | 92 | 1.5 | 56 | 1.87 | 9.33 |
| 4 | 약초원 | farm | 1 | 16 | 물 1 | 약초 1 | 75 | 11.3 | 63.8 | 106 | 1.7 | 54.5 | 1.82 | 6.67 |
| 4 | 유정 | energy | 0 | 24 | — | 원유 3 | 135 | 0 | 135 | 680 | 5 | 135 | — | — |
| 4 | 호박밭 | farm | 1 | 30 | 물 1 | 호박 2 | 68 | 6 | 62 | 106 | 1.7 | 56.7 | 1.89 | 11.33 |
| 4 | 방직소 | craft | 2 | 24 | 목화 3 | 직물 2 | 395 | 97.5 | 297.5 | 280 | 0.9 | 158 | 2.43 | 4.05 |
| 5 | 빵집 · 바게트 | craft | 4 | 28 | 빵 반죽 2 · 목재 1 | 바게트 2 | 377.1 | 165 | 212.1 | 332 | 1.6 | 144.9 | 1.4 | 2.29 |
| 5 | 빵집 · 빵 반죽 | craft | 3 | 20 | 밀가루 2 · 물 1 | 빵 반죽 3 | 306 | 147 | 159 | 332 | 2.1 | 103.1 | 1.25 | 2.08 |
| 5 | 정유소 | energy | 1 | 28 | 원유 3 · 물 2 | 연료 3 | 482.1 | 128.6 | 353.6 | 1420 | 4 | 210.9 | 1.56 | 3.75 |
| 6 | 사료 공장 | farm | 2 | 20 | 밀 2 | 사료 3 | 153 | 54 | 99 | 244 | 2.5 | 76.5 | 1.42 | 2.83 |
| 6 | 양계장 | farm | 2 | 22 | 밀 1 · 물 1 | 달걀 2 | 136.4 | 32.7 | 103.6 | 240 | 2.3 | 78.9 | 1.46 | 4.17 |
| 6 | 양 우리 | farm | 3 | 30 | 사료 1 · 물 1 | 양모 2 | 184 | 40 | 144 | 234 | 1.6 | 111.9 | 1.46 | 4.6 |
| 7 | 빵집 · 버터 | craft | 4 | 26 | 우유 3 · 소금 1 | 버터 2 | 715.4 | 350.8 | 364.6 | 332 | 0.9 | 150 | 1.5 | 2.04 |
| 7 | 빵집 · 달걀 적은 케이크 | craft | 3 | 36 | 밀가루 3 · 달걀 1 | 케이크 2 | 666.7 | 156.7 | 510 | 332 | 0.7 | 228.6 | 2.76 | 4.26 |
| 7 | 제과점 | craft | 3 | 32 | 밀가루 2 · 달걀 2 | 케이크 2 | 750 | 180 | 570 | 425 | 0.7 | 232.3 | 2.81 | 4.17 |
| 7 | 젖소 우리 | farm | 3 | 36 | 사료 1 · 물 1 | 우유 2 | 153.3 | 33.3 | 120 | 360 | 3 | 99.8 | 1.3 | 4.6 |
| 7 | 방직소 · 털실 | craft | 4 | 24 | 양모 2 | 털실 2 | 410 | 230 | 180 | 280 | 1.6 | 134.2 | 1.2 | 1.78 |
| 8 | 빵집 · 호박 파이 | craft | 4 | 32 | 호박 2 · 밀가루 1 · 오리알 1 | 호박 파이 2 | 525 | 189.4 | 335.6 | 332 | 1 | 150.9 | 1.52 | 2.77 |
| 8 | 점토밭 | base | 0 | 20 | — | 점토 2 | 48 | 0 | 48 | 126 | 2.6 | 48 | — | — |
| 8 | 오리 집 | farm | 3 | 34 | 사료 1 · 물 1 | 오리알 2 | 155.3 | 35.3 | 120 | 260 | 2.2 | 99 | 1.29 | 4.4 |
| 8 | 벽돌 가마 | craft | 1 | 24 | 석재 2 · 목재 1 | 벽돌 3 | 307.5 | 72.5 | 235 | 316 | 1.3 | 155.9 | 1.54 | 4.24 |
| 8 | 벽돌 가마 · 점토 벽돌 | craft | 1 | 24 | 점토 2 · 목재 1 | 벽돌 3 | 307.5 | 62.5 | 245 | 316 | 1.3 | 149.6 | 1.48 | 4.92 |
| 9 | 양봉장 | farm | 0 | 20 | — | 꿀 1 | 72 | 0 | 72 | 220 | 3.1 | 72 | — | — |
| 9 | 양봉장 · 밀랍 | farm | 0 | 28 | — | 밀랍 1 | 64.3 | 0 | 64.3 | 220 | 3.4 | 64.3 | — | — |
| 9 | 유리 공방 | craft | 1 | 28 | 석재 2 · 목재 2 | 유리 2 | 377.1 | 81.4 | 295.7 | 686 | 2.3 | 186.4 | 1.84 | 4.63 |
| 9 | 벽돌 가마 · 가마 유리 | craft | 1 | 40 | 석재 3 · 목재 1 | 유리 2 | 264 | 58.5 | 205.5 | 316 | 1.5 | 146 | 1.44 | 4.51 |
| 9 | 봉제소 | craft | 3 | 32 | 직물 3 | 작업복 2 | 881.3 | 444.4 | 436.9 | 634 | 1.5 | 231.1 | 1.46 | 1.98 |
| 10 | 제과점 · 박하 사탕 | craft | 3 | 28 | 박하 2 · 설탕 1 | 박하 사탕 3 | 450 | 120 | 330 | 425 | 1.3 | 151.8 | 2.16 | 3.75 |
| 10 | 박하밭 | farm | 1 | 20 | 물 1 | 박하 2 | 66 | 9 | 57 | 122 | 2.1 | 50.8 | 1.69 | 7.33 |
| 11 | 양봉장 · 벌집 | farm | 0 | 32 | — | 벌집 1 | 75 | 0 | 75 | 220 | 2.9 | 75 | — | — |
| 11 | 제과점 · 벌집 박하 사탕 | craft | 2 | 22 | 박하 2 · 벌집 1 | 박하 사탕 3 | 572.7 | 169.1 | 403.6 | 425 | 1.1 | 157.5 | 2.1 | 3.39 |
| 11 | 참나무 농장 | farm | 1 | 40 | 물 1 | 참나무 원목 2 | 57 | 4.5 | 52.5 | 214 | 4.1 | 49.6 | 1.65 | 12.67 |
| 11 | 제재소 · 오크통 | craft | 2 | 40 | 참나무 원목 2 | 오크통 2 | 255 | 57 | 198 | 252 | 1.3 | 118.6 | 2.39 | 4.47 |
| 11 | 제재소 · 나무 상자 | craft | 2 | 24 | 참나무 원목 2 | 나무 상자 3 | 225 | 95 | 130 | 252 | 1.9 | 77.1 | 1.56 | 2.37 |
| 11 | 기계 공장 | industry | 2 | 44 | 판재 2 · 석재 2 | 기계 부품 2 | 327.3 | 95.5 | 231.8 | 560 | 2.4 | 174.7 | 1.19 | 3.43 |
| 12 | 벽돌 가마 · 호박등 | craft | 5 | 36 | 호박 1 · 밀랍 1 · 털실 1 | 호박등 1 | 525 | 215 | 310 | 316 | 1 | 159.3 | 1.19 | 2.44 |
| 12 | 얕은 광산 | industry | 0 | 32 | — | 철광석 2 | 52.5 | 0 | 52.5 | 374 | 7.1 | 52.5 | — | — |
| 12 | 얕은 광산 · 얕은 구리 광맥 | industry | 0 | 48 | — | 구리광석 2 | 47.5 | 0 | 47.5 | 374 | 7.9 | 47.5 | — | — |
| 12 | 포도밭 | farm | 1 | 28 | 물 1 | 붉은 포도 2 | 68.6 | 6.4 | 62.1 | 176 | 2.8 | 56.5 | 1.88 | 10.67 |
| 12 | 포도밭 · 흰 포도 | farm | 1 | 28 | 물 1 | 흰 포도 2 | 72.9 | 6.4 | 66.4 | 176 | 2.6 | 60 | 2 | 11.33 |
| 13 | 탄광 | industry | 1 | 34 | 물 1 | 석탄 4 | 84.7 | 5.3 | 79.4 | 720 | 9.1 | 72 | 2.4 | 16 |
| 13 | 유리 공방 · 석탄 유리 | craft | 2 | 40 | 석재 2 · 석탄 1 | 유리 3 | 396 | 48 | 348 | 686 | 2 | 232.9 | 3.24 | 8.25 |
| 13 | 철광산 | industry | 0 | 32 | — | 철광석 4 | 105 | 0 | 105 | 820 | 7.8 | 105 | — | — |
| 13 | 와이너리 | craft | 3 | 56 | 붉은 포도 3 · 오크통 1 | 적포도주 3 | 401.8 | 142.5 | 259.3 | 960 | 3.7 | 150 | 1.26 | 2.82 |
| 13 | 와이너리 · 백포도주 | craft | 3 | 56 | 흰 포도 3 · 오크통 1 | 백포도주 3 | 417.9 | 145.7 | 272.1 | 960 | 3.5 | 156 | 1.32 | 2.87 |
| 14 | 유리 공방 · 모래 유리 | craft | 1 | 28 | 모래 2 · 목재 1 | 유리 2 | 377.1 | 57.9 | 319.3 | 686 | 2.1 | 198 | 1.96 | 6.52 |
| 14 | 유리 공방 · 와인병 | craft | 1 | 24 | 모래 3 | 와인병 2 | 200 | 67.5 | 132.5 | 686 | 5.2 | 88.9 | 1.65 | 2.96 |
| 14 | 철광산 · 구리 광맥 | industry | 0 | 36 | — | 구리광석 3 | 95 | 0 | 95 | 820 | 8.6 | 95 | — | — |
| 14 | 채석장 · 구리 광맥 선광 | base | 1 | 32 | 물 1 | 구리광석 3 | 106.9 | 5.6 | 101.3 | 145 | 1.4 | 90 | 3 | 19 |
| 14 | 모래 채굴장 | base | 0 | 20 | — | 모래 2 | 54 | 0 | 54 | 216 | 4 | 54 | — | — |
| 14 | 제철소 | industry | 2 | 46 | 철광석 3 · 석탄 2 | 강철 3 | 410.9 | 86.1 | 324.8 | 1500 | 4.6 | 210 | 2 | 4.77 |
| 14 | 제철소 · 목탄 제련 | industry | 1 | 52 | 철광석 3 · 목재 4 | 강철 2 | 242.3 | 90 | 152.3 | 1500 | 9.8 | 129.5 | 1.23 | 2.69 |
| 14 | 증기 기계공장 | industry | 2 | 42 | 강철 1 · 석탄 1 · 물 1 | 기계 부품 4 | 685.7 | 171.4 | 514.3 | 1880 | 3.7 | 360 | 1.26 | 4 |
| 14 | 기계 공장 · 강철 부품 | industry | 2 | 30 | 강철 1 · 판재 1 | 기계 부품 3 | 720 | 260 | 460 | 560 | 1.2 | 347.1 | 1.21 | 2.77 |
| 15 | 카카오 농장 | farm | 1 | 30 | 물 1 | 카카오 2 | 72 | 6 | 66 | 322 | 4.9 | 60 | 2 | 12 |
| 15 | 구리 광산 | industry | 0 | 36 | — | 구리광석 3 | 95 | 0 | 95 | 886 | 9.3 | 95 | — | — |
| 15 | 채석장 · 석회암 | base | 0 | 24 | — | 석회암 2 | 80 | 0 | 80 | 145 | 1.8 | 80 | — | — |
| 15 | 와이너리 · 상그리아 | craft | 4 | 36 | 적포도주 1 · 딸기 2 · 와인병 1 | 상그리아 2 | 716.7 | 321.7 | 395 | 960 | 2.4 | 180.4 | 1.2 | 2.23 |
| 16 | 빵집 · 케이크 반죽 | craft | 3 | 24 | 밀가루 2 · 달걀 1 · 설탕 1 | 케이크 반죽 2 | 450 | 262.5 | 187.5 | 332 | 1.8 | 102.5 | 1.24 | 1.71 |
| 16 | 화학 공장 | industry | 1 | 46 | 원유 2 · 물 1 | 합성 소재 3 | 371.7 | 50.9 | 320.9 | 2320 | 7.2 | 251.5 | 1.86 | 7.31 |
| 16 | 화학 공장 · 석탄 액화 | industry | 2 | 48 | 석탄 3 · 물 2 | 연료 3 | 281.3 | 52.5 | 228.8 | 2320 | 10.1 | 150 | 2.08 | 5.36 |
| 16 | 초콜릿 공방 | craft | 3 | 48 | 카카오 2 · 설탕 1 | 초콜릿 2 | 450 | 87.5 | 362.5 | 970 | 2.7 | 191.2 | 2.72 | 5.14 |
| 16 | 초콜릿 공방 · 고급 케이크 | craft | 4 | 40 | 케이크 반죽 1 · 초콜릿 1 · 딸기 2 | 고급 케이크 1 | 1035 | 447 | 588 | 970 | 1.6 | 231.1 | 1.21 | 2.32 |
| 16 | 마력 추출소 | energy | 1 | 42 | 물 1 | 마력 결정 2 | 165.7 | 4.3 | 161.4 | 1200 | 7.4 | 145 | 4.83 | 38.67 |
| 16 | 정유소 · 무수 합성 소재 | energy | 1 | 52 | 원유 3 | 합성 소재 3 | 328.8 | 62.3 | 266.5 | 1420 | 5.3 | 225 | 1.67 | 5.28 |
| 16 | 증기 기계공장 · 증기 인발 전선 | industry | 2 | 60 | 구리광석 2 · 석탄 1 · 물 1 | 구리 전선 4 | 360 | 53 | 307 | 1880 | 6.1 | 216 | 2.27 | 6.79 |
| 16 | 전선 공장 | industry | 2 | 40 | 구리광석 2 · 석탄 1 | 구리 전선 3 | 405 | 75 | 330 | 2006 | 6.1 | 218.9 | 2.3 | 5.4 |
| 17 | 시멘트 공장 | industry | 2 | 48 | 석재 3 · 석탄 1 · 물 1 | 콘크리트 3 | 393.8 | 56.3 | 337.5 | 1948 | 5.8 | 207.7 | 2.88 | 7 |
| 17 | 시멘트 공장 · 대량 벽돌 | industry | 2 | 40 | 석재 3 · 석탄 1 | 벽돌 5 | 307.5 | 63 | 244.5 | 1948 | 8 | 159.7 | 2.22 | 4.88 |
| 17 | 시멘트 공장 · 석회 콘크리트 | industry | 2 | 44 | 석회암 2 · 석탄 1 · 물 1 | 콘크리트 3 | 429.5 | 64.1 | 365.5 | 1948 | 5.3 | 225 | 2.81 | 6.7 |
| 17 | 전자 공장 | advanced | 3 | 52 | 구리 전선 2 · 마력 결정 1 | 회로 2 | 819.2 | 274.6 | 544.6 | 3062 | 5.6 | 339.9 | 1.55 | 2.98 |
| 18 | 통조림 공장 | industry | 2 | 44 | 훈제 생선 2 · 강철 1 | 통조림 4 | 1009.1 | 282.3 | 726.8 | 2546 | 3.5 | 432.5 | 1.51 | 3.57 |
| 18 | 초콜릿 공방 · 장식 케이크 | craft | 4 | 44 | 케이크 반죽 1 · 초콜릿 1 · 박하 사탕 2 | 장식 케이크 1 | 1090.9 | 559.1 | 531.8 | 970 | 1.8 | 232.4 | 1.22 | 1.95 |
| 18 | 봉제소 · 천 상자 | craft | 3 | 36 | 나무 상자 1 · 직물 2 · 밀랍 1 | 천 상자 2 | 766.7 | 363.3 | 403.3 | 634 | 1.6 | 187.3 | 1.19 | 2.11 |
| 19 | 자동차 공장 | advanced | 4 | 68 | 강철 2 · 기계 부품 2 · 회로 1 · 합성 소재 2 · 유리 1 | 자동차 1 | 1941.2 | 955.6 | 985.6 | 6640 | 6.7 | 467 | 1.3 | 2.03 |
| 19 | 포장 공방 | craft | 4 | 48 | 나무 상자 1 · 꿀 2 · 딸기잼 1 · 빵 2 | 식량 소포 1 | 825 | 352.5 | 472.5 | 1572 | 3.3 | 207.8 | 1.17 | 2.34 |
| 20 | 철광산 · 크롬 광맥 | industry | 0 | 36 | — | 크롬 2 | 100 | 0 | 100 | 820 | 8.2 | 100 | — | — |
| 20 | 제약 공장 | advanced | 2 | 60 | 물 1 · 약초 2 · 합성 소재 1 · 유리 1 | 의약품 3 | 1050 | 226 | 824 | 3837 | 4.7 | 405.6 | 1.61 | 4.65 |
| 20 | 제약 공장 · 약초 제제 | advanced | 2 | 52 | 약초 3 · 물 1 · 유리 1 | 의약품 2 | 807.7 | 174.2 | 633.5 | 3837 | 6.1 | 286.4 | 1.23 | 4.64 |
| 21 | 정유소 · 항공유 | energy | 1 | 48 | 원유 3 · 물 1 | 항공유 2 | 400 | 71.3 | 328.8 | 1420 | 4.3 | 246.2 | 1.82 | 5.61 |
| 22 | 포장 공방 · 선물 소포 | craft | 5 | 60 | 천 상자 1 · 케이크 1 · 적포도주 1 · 호박 파이 1 | 선물 소포 1 | 1500 | 695 | 805 | 1572 | 2 | 309.3 | 1.33 | 2.16 |
| 23 | 마력등 공방 | advanced | 3 | 58 | 유리 1 · 구리 전선 1 · 마력 결정 1 | 마력등 2 | 827.6 | 244.1 | 583.4 | 4178 | 7.2 | 371.1 | 1.59 | 3.39 |
| 24 | 마력 기관 공장 | advanced | 3 | 66 | 기계 부품 2 · 구리 전선 2 · 마력 결정 1 | 마력 기관 1 | 1636.4 | 434.5 | 1201.8 | 6735 | 5.6 | 602.2 | 1.67 | 3.77 |
| 24 | 제철소 · 청강 | industry | 2 | 52 | 강철 2 · 크롬 1 | 청강 1 | 738.5 | 276.9 | 461.5 | 1500 | 3.3 | 336.8 | 1.18 | 2.67 |
| 25 | 미스릴 정련소 | advanced | 2 | 64 | 강철 2 · 마력 결정 2 | 미스릴 강 1 | 1181.3 | 305.6 | 875.6 | 7190 | 8.2 | 484.6 | 1.69 | 3.87 |
| 27 | 비공정 조선소 | advanced | 4 | 120 | 마력 기관 2 · 미스릴 강 2 · 직물 4 · 연료 2 | 비공정 1 | 6000 | 3293 | 2707 | 16720 | 6.2 | 755.2 | 1.25 | 1.82 |
| 27 | 비공정 조선소 · 항공유 비공정 | advanced | 4 | 96 | 마력 기관 2 · 미스릴 강 2 · 직물 4 · 항공유 2 | 비공정 1 | 7500 | 4222.5 | 3277.5 | 16720 | 5.1 | 746.4 | 1.24 | 1.78 |
| 29 | 용광로 | industry | 2 | 72 | 철광석 5 · 석탄 2 | 강철 6 | 525 | 78.3 | 446.7 | 4970 | 11.1 | 286.4 | 2.73 | 6.7 |
| 30 | 자동 조립 공장 | advanced | 4 | 90 | 강철 3 · 기계 부품 3 · 회로 2 · 합성 소재 3 · 유리 2 | 자동차 2 | 2933.3 | 1230.7 | 1702.7 | 13940 | 8.2 | 580.6 | 1.61 | 2.38 |

## 2. 지원·특수 시설

| 단계 | 시설 | 그룹 | 효과 | 투입 | 건설가치 |
|---|---|---|---|---|---|
| 0 | 주민 주택 | home | home | — | 106 |
| 0 | 흙길 | base | support | — | 4 |
| 0 | 도로 물류 집하지 | transport | support | — | 174 |
| 0 | 스노모빌 집하지 | transport | support | — | 272 |
| 0 | 창고 | base | support | — | 134 |
| 1 | 작은 수로 나룻터 | transport | support | — | 222 |
| 1 | 작은 극지 수로 나룻터 | transport | support | — | 222 |
| 4 | 운하 선착장 | transport | support | — | 640 |
| 4 | 진료소 | industry | support | — | 430 |
| 4 | 극지 항 | transport | support | — | 1030 |
| 4 | 하천 선착장 | transport | support | — | 640 |
| 4 | 풍력 발전기 | energy | power | — | 640 |
| 5 | 자재 보관소 | base | support | — | 410 |
| 5 | 연못 | farm | support | — | 80 |
| 6 | 장터 | civic | support | — | 560 |
| 6 | 목초지 | farm | support | — | 58 |
| 6 | 포장 도로 물류센터 | transport | support | — | 900 |
| 6 | 포장 도로 | transport | support | — | 22 |
| 7 | 급수탑 | farm | irrigation | 물 3 | 312 |
| 8 | 말 축사 | farm | horse | 밀 1 · 물 1 | 250 |
| 9 | 야생 클로버 | farm | support | — | 34 |
| 9 | 호수 항 | transport | support | — | 1670 |
| 9 | 강 항구 | transport | support | — | 1670 |
| 10 | 드워프 주택 | home | home | — | 255 |
| 10 | 정령 거처 | home | home | — | 255 |
| 10 | 물레방아 | energy | power | — | 560 |
| 10 | 풍력 양수기 | farm | irrigation | — | 430 |
| 11 | 바다 연안항 | transport | support | — | 3580 |
| 11 | 증기 발전소 | industry | power | 목재 2 · 물 1 | 560 |
| 11 | 송유·송수관 | energy | support | — | 51 |
| 11 | 변전소 | energy | support | — | 790 |
| 12 | 자동 물류센터 | industry | support | — | 1080 |
| 13 | 켄타로스 주택 | home | home | — | 460 |
| 13 | 광물 컨베이어 | industry | support | — | 41 |
| 13 | 티탄 주택 | home | home | — | 460 |
| 14 | 결계 초소 | civic | ward | 약초 2 | 796 |
| 17 | 마탑 | energy | ward | 마력 결정 2 · 회로 1 | 2252 |
| 18 | 철도 | transport | support | — | 117 |
| 18 | 철도 터미널 | transport | support | — | 3978 |
| 18 | 화물역 | transport | support | — | 3350 |
| 20 | 종합 병원 | civic | health | 의약품 1 · 물 2 | 3847 |
| 21 | 공항 | transport | support | — | 8310 |
| 21 | 공항 터미널 | transport | support | — | 4970 |
| 21 | 마력 발전소 | energy | power | 마력 결정 1 · 물 1 | 4165 |
| 21 | 축전 시설 | energy | support | — | 3635 |
| 21 | 마력 중계소 | transport | transit | 마력 결정 1 | 3140 |
| 22 | 투자 사무소 | civic | support | — | 3054 |
| 22 | 경비대 본부 | civic | support | — | 3730 |
| 23 | 방위 요새 | civic | ward | 통조림 1 · 콘크리트 1 | 4180 |
| 23 | 태양광 패널 | energy | power | — | 2908 |
| 26 | 의사당 | civic | support | — | 9388 |
| 28 | 비공정 선착장 | transport | transit | 연료 2 | 10070 |
| 31 | 대륙 거래소 | civic | support | — | 12098 |

## 3. 자원 소비처

| 자원 | 가격 | 생산 | 투입처 | 자재처 | 코드 소모 | 최종재 | 타일당/분 | 판정 |
|---|---|---|---|---|---|---|---|---|
| 목재 | 9 | 벌목장 | 소형 증류소, 제재소, 빵집, 증기 발전소, 제철소, 훈제장, 벽돌 가마, 유리 공방 | 33곳 | upgrade |  | 101.3 |  |
| 석재 | 10 | 채석장 | 기계 공장, 벽돌 가마, 유리 공방, 시멘트 공장 | 41곳 | — |  | 66.7 |  |
| 물 | 3 | 우물 | 소형 증류소, 밀밭, 채석장, 말 축사, 빵집, 증기 발전소, 급수탑, 증기 기계공장, 탄광, 정유소, 화학 공장, 마력 추출소, 제약 공장, 종합 병원, 마력 발전소, 목화밭, 약초원, 양계장, 시멘트 공장, 사탕수수밭, 소금밭, 포도밭, 카카오 농장, 딸기밭, 박하밭, 호박밭, 참나무 농장, 양 우리, 젖소 우리, 오리 집 | 0곳 | living-economy |  | 30 |  |
| 밀 | 9 | 밀밭 | 소형 증류소, 말 축사, 제분소, 양계장, 사료 공장 | 0곳 | — |  | 54 |  |
| 판재 | 25 | 제재소 | 기계 공장 | 45곳 | simulation, upgrade |  | 146.7 |  |
| 밀가루 | 23 | 제분소 | 빵집, 제과점 | 0곳 | — |  | 82.8 |  |
| 빵 | 42 | 빵집 | 포장 공방 | 0곳 | campaign | 예 | 178.3 |  |
| 생선 | 12 | 어항 | 훈제장 | 0곳 | — |  | 90 |  |
| 기계 부품 | 120 | 기계 공장, 증기 기계공장 | 자동차 공장, 마력 기관 공장, 자동 조립 공장 | 19곳 | — |  | 360 |  |
| 철광석 | 14 | 철광산, 얕은 광산 | 제철소, 용광로 | 0곳 | — |  | 105 |  |
| 석탄 | 12 | 탄광 | 증기 기계공장, 제철소, 화학 공장, 유리 공방, 전선 공장, 시멘트 공장, 용광로 | 0곳 | — |  | 72 |  |
| 강철 | 105 | 제철소, 용광로 | 기계 공장, 증기 기계공장, 제철소, 자동차 공장, 통조림 공장, 미스릴 정련소, 자동 조립 공장 | 26곳 | campaign |  | 286.4 |  |
| 원유 | 18 | 유정 | 정유소, 화학 공장 | 0곳 | — |  | 135 |  |
| 연료 | 75 | 소형 증류소, 정유소, 화학 공장 | 비공정 조선소, 비공정 선착장 | 0곳 | — |  | 210.9 |  |
| 합성 소재 | 95 | 정유소, 화학 공장 | 자동차 공장, 제약 공장, 자동 조립 공장 | 0곳 | — |  | 251.5 |  |
| 마력 결정 | 58 | 마력 추출소 | 마탑, 마력 중계소, 전자 공장, 마력 발전소, 마력등 공방, 마력 기관 공장, 미스릴 정련소 | 0곳 | — |  | 145 |  |
| 회로 | 355 | 전자 공장 | 마탑, 자동차 공장, 자동 조립 공장 | 12곳 | — |  | 339.9 |  |
| 자동차 | 2200 | 자동차 공장, 자동 조립 공장 | — | 0곳 | campaign | 예 | 580.6 |  |
| 의약품 | 350 | 제약 공장 | 종합 병원 | 0곳 | — |  | 405.6 |  |
| 목화 | 13 | 목화밭 | 방직소 | 0곳 | — |  | 65 |  |
| 약초 | 20 | 약초원 | 제약 공장, 결계 초소 | 0곳 | living-economy |  | 54.5 |  |
| 달걀 | 25 | 양계장 | 빵집, 제과점 | 0곳 | — |  | 78.9 |  |
| 훈제 생선 | 51 | 훈제장 | 통조림 공장 | 0곳 | — |  | 166.9 |  |
| 직물 | 79 | 방직소 | 봉제소, 비공정 조선소 | 0곳 | — |  | 158 |  |
| 케이크 | 200 | 빵집, 제과점 | 포장 공방 | 0곳 | — | 예 | 232.3 |  |
| 벽돌 | 41 | 벽돌 가마, 시멘트 공장 | — | 13곳 | — |  | 159.7 | 약함 |
| 작업복 | 235 | 봉제소 | — | 0곳 | campaign | 예 | 231.1 |  |
| 유리 | 88 | 벽돌 가마, 유리 공방 | 자동차 공장, 제약 공장, 마력등 공방, 자동 조립 공장 | 13곳 | — |  | 232.9 |  |
| 구리광석 | 19 | 채석장, 철광산, 구리 광산, 얕은 광산 | 증기 기계공장, 전선 공장 | 0곳 | — |  | 95 |  |
| 구리 전선 | 90 | 증기 기계공장, 전선 공장 | 전자 공장, 마력등 공방, 마력 기관 공장 | 3곳 | — |  | 218.9 |  |
| 콘크리트 | 105 | 시멘트 공장 | 방위 요새 | 16곳 | — |  | 225 |  |
| 통조림 | 185 | 통조림 공장 | 방위 요새 | 0곳 | campaign |  | 432.5 |  |
| 마력등 | 400 | 마력등 공방 | — | 1곳 | — | 예 | 371.1 |  |
| 마력 기관 | 1800 | 마력 기관 공장 | 비공정 조선소 | 1곳 | — |  | 602.2 |  |
| 미스릴 강 | 1260 | 미스릴 정련소 | 비공정 조선소 | 2곳 | — |  | 484.6 |  |
| 비공정 | 12000 | 비공정 조선소 | — | 0곳 | — | 예 | 755.2 |  |
| 사탕수수 | 10 | 사탕수수밭 | 제분소 | 0곳 | — |  | 52.9 |  |
| 소금 | 14 | 소금밭 | 빵집, 훈제장 | 0곳 | — |  | 56 |  |
| 붉은 포도 | 16 | 포도밭 | 와이너리 | 0곳 | — |  | 56.5 |  |
| 흰 포도 | 17 | 포도밭 | 와이너리 | 0곳 | — |  | 60 |  |
| 카카오 | 18 | 카카오 농장 | 초콜릿 공방 | 0곳 | — |  | 60 |  |
| 딸기 | 14 | 딸기밭 | 빵집, 와이너리, 초콜릿 공방 | 0곳 | — |  | 56 |  |
| 박하 | 11 | 박하밭 | 제과점 | 0곳 | — |  | 50.8 |  |
| 호박 | 17 | 호박밭 | 빵집, 벽돌 가마 | 0곳 | — |  | 56.7 |  |
| 참나무 원목 | 19 | 참나무 농장 | 제재소 | 0곳 | — |  | 49.6 |  |
| 설탕 | 34 | 제분소 | 빵집, 제과점, 초콜릿 공방 | 0곳 | — |  | 70.3 |  |
| 적포도주 | 125 | 와이너리 | 와이너리, 포장 공방 | 0곳 | — | 예 | 150 |  |
| 백포도주 | 130 | 와이너리 | — | 0곳 | — | 예 | 156 |  |
| 오크통 | 85 | 제재소 | 와이너리 | 0곳 | — |  | 118.6 |  |
| 초콜릿 | 180 | 초콜릿 공방 | 초콜릿 공방 | 0곳 | — | 예 | 191.2 |  |
| 딸기잼 | 120 | 빵집 | 포장 공방 | 0곳 | — | 예 | 141.2 |  |
| 박하 사탕 | 70 | 제과점 | 초콜릿 공방 | 0곳 | — | 예 | 157.5 |  |
| 호박 파이 | 140 | 빵집 | 포장 공방 | 0곳 | — | 예 | 150.9 |  |
| 호박등 | 315 | 벽돌 가마 | — | 0곳 | — | 예 | 159.3 |  |
| 양모 | 46 | 양 우리 | 방직소 | 0곳 | — |  | 111.9 |  |
| 털실 | 82 | 방직소 | 벽돌 가마 | 0곳 | — |  | 134.2 |  |
| 우유 | 46 | 젖소 우리 | 빵집 | 0곳 | — |  | 99.8 |  |
| 버터 | 155 | 빵집 | — | 0곳 | — | 예 | 150 |  |
| 꿀 | 24 | 양봉장 | 포장 공방 | 0곳 | — |  | 72 |  |
| 밀랍 | 30 | 양봉장 | 벽돌 가마, 봉제소 | 0곳 | — |  | 64.3 |  |
| 사료 | 17 | 사료 공장 | 양 우리, 젖소 우리, 오리 집 | 0곳 | — |  | 76.5 |  |
| 오리알 | 44 | 오리 집 | 빵집 | 0곳 | — |  | 99 |  |
| 점토 | 8 | 점토밭 | 벽돌 가마 | 0곳 | — |  | 48 |  |
| 모래 | 9 | 모래 채굴장 | 유리 공방 | 0곳 | — |  | 54 |  |
| 석회암 | 16 | 채석장 | 시멘트 공장 | 0곳 | — |  | 80 |  |
| 크롬 | 30 | 철광산 | 제철소 | 0곳 | — |  | 100 |  |
| 청강 | 640 | 제철소 | — | 0곳 | — | 예 | 336.8 |  |
| 나무 상자 | 30 | 제재소 | 봉제소, 포장 공방 | 0곳 | — |  | 77.1 |  |
| 천 상자 | 230 | 봉제소 | 포장 공방 | 0곳 | — |  | 187.3 |  |
| 식량 소포 | 660 | 포장 공방 | — | 0곳 | — | 예 | 207.8 |  |
| 선물 소포 | 1500 | 포장 공방 | — | 0곳 | — | 예 | 309.3 |  |
| 빵 반죽 | 34 | 빵집 | 빵집 | 0곳 | — |  | 103.1 |  |
| 바게트 | 88 | 빵집 | — | 0곳 | — | 예 | 144.9 |  |
| 케이크 반죽 | 90 | 빵집 | 초콜릿 공방 | 0곳 | — |  | 102.5 |  |
| 고급 케이크 | 690 | 초콜릿 공방 | — | 0곳 | — | 예 | 231.1 |  |
| 장식 케이크 | 800 | 초콜릿 공방 | — | 0곳 | — | 예 | 232.4 |  |
| 와인병 | 40 | 유리 공방 | 와이너리 | 0곳 | — |  | 88.9 |  |
| 상그리아 | 215 | 와이너리 | — | 0곳 | — | 예 | 180.4 |  |
| 벌집 | 40 | 양봉장 | 제과점 | 0곳 | — |  | 75 |  |
| 항공유 | 160 | 정유소 | 비공정 조선소 | 0곳 | — |  | 246.2 |  |

## 4. 승급 사다리

| 단계 | 신분 | 수수료 | 요구 실적 | 해금 |
|---|---|---|---|---|
| 0 | 농노 | 0 | — | 도로 물류 집하지, 스노모빌 집하지, 소형 증류소 |
| 1 | 등록 농노 | 35 | 물 생산 12 · 밀 생산 12 | 제재소, 작은 수로 나룻터, 작은 극지 수로 나룻터 |
| 2 | 개간 농노 | 60 | 판재 생산 12 · 영주 납품 2 | 제분소, 훈제장, 소금밭, 사탕수수밭 |
| 3 | 계약 농노 | 100 | 밀가루 생산 12 · 개간지 확장 1 | 빵집, 목화밭 |
| 4 | 준자유민 | 160 | 빵 판매 10 · 몸값 채무 청산 1 | 약초원, 진료소, 방직소, 풍력 발전기, 유정, 운하 선착장, 하천 선착장, 극지 항, 딸기밭, 호박밭 |
| 5 | 임차 사업주 | 250 | 가족 구출 1 · 약초 생산 8 | 자재 보관소, 정유소, 연못 |
| 6 | 등록 사업주 | 300 | 직물 생산 8 · 누적 판매 수입 8000 | 양계장, 장터, 포장 도로, 포장 도로 물류센터, 사료 공장, 목초지, 양 우리 |
| 7 | 지역 공급자 | 350 | 달걀 생산 12 · 납품 계약 6 | 제과점, 급수탑, 젖소 우리 |
| 8 | 제조 허가업자 | 400 | 케이크 생산 10 · 납품 계약 8 | 벽돌 가마, 말 축사, 오리 집, 점토밭 |
| 9 | 지역 납품업자 | 500 | 벽돌 생산 14 · 교역 수입 23000 | 봉제소, 유리 공방, 강 항구, 호수 항, 양봉장, 야생 클로버 |
| 10 | 공인 계약업자 | 600 | 작업복 생산 8 · 유리 생산 8 · 납품 계약 10 | 물레방아, 드워프 주택, 정령 거처, 박하밭, 풍력 양수기 |
| 11 | 개척 사업자 | 700 | 주민 28 | 증기 발전소, 기계 공장, 바다 연안항, 송유·송수관, 변전소, 참나무 농장 |
| 12 | 동력 제조업자 | 850 | 동력 가동 1 · 부품 생산 8 | 자동 물류센터, 포도밭, 얕은 광산 |
| 13 | 법인 대표 | 1200 | 자동 물류 가동 1 · 교역 수입 47000 | 철광산, 탄광, 티탄 주택, 켄타로스 주택, 광물 컨베이어, 와이너리 |
| 14 | 중공업 사업자 | 1500 | 철광석 생산 16 · 석탄 생산 16 · 주민 40 | 제철소, 증기 기계공장, 결계 초소, 모래 채굴장 |
| 15 | 에너지 사업자 | 2200 | 강철 생산 18 · 채무 청산 1 | 구리 광산, 카카오 농장 |
| 16 | 산업단지 운영자 | 2800 | 연료 생산 12 · 구리광석 생산 12 · 지역 간 운송 3 | 화학 공장, 마력 추출소, 전선 공장, 초콜릿 공방 |
| 17 | 정밀 제조업자 | 3400 | 합성 소재 생산 18 · 전선 생산 12 · 마력 결정 생산 8 | 전자 공장, 마탑, 시멘트 공장 |
| 18 | 광역 투자자 | 4000 | 회로 생산 12 · 콘크리트 생산 12 · 지역 간 운송 10 | 화물역, 철도, 통조림 공장, 철도 터미널 |
| 19 | 자동차 제조사 | 4800 | 철도 운송망 1 · 통조림 생산 12 | 자동차 공장, 포장 공방 |
| 20 | 기술 기업군 | 6000 | 자동차 생산 6 · 납품 계약 19 | 제약 공장, 종합 병원 |
| 21 | 기반시설 운영자 | 7000 | 운영 거점 3 · 철도 운송망 2 | 마력 발전소, 축전 시설, 마력 중계소, 공항, 공항 터미널 |
| 22 | 개발구 운영권자 | 8000 | 교역 수입 280000 · 지역 간 운송 55 | 투자 사무소, 경비대 본부 |
| 23 | 치안권 보유자 | 9500 | 경비대 편성 1 · 의약품 생산 90 | 방위 요새, 마력등 공방, 태양광 패널 |
| 24 | 재정 운영권자 | 11000 | 산업 투자 3 · 마력등 생산 10 · 납품 계약 27 | 마력 기관 공장 |
| 25 | 자치구 대표 | 12500 | 운영 거점 4 · 주민 지지 65 · 납품 계약 29 | 미스릴 정련소 |
| 26 | 자치정부 수장 | 14000 | 경비대 편성 4 · 철도 운송망 3 · 미스릴 강 생산 5 | 의사당 |
| 27 | 독립 선언국 | 16000 | 외교 지지국 2 · 주민 지지 70 · 의사당 건립 1 | 비공정 조선소 |
| 28 | 승인 독립국 | 19000 | 외교 지지국 3 · 비공정 건조 2 · 지역 간 운송 170 | 비공정 선착장 |
| 29 | 지역 강국 | 28000 | 운영 거점 5 · 산업 투자 5 · 방위 요새 2 · 교역 수입 700000 | 용광로 |
| 30 | 다지역 연방 | 38000 | 자치권 확보 지역 3 · 주민 지지 75 · 지역 간 운송 215 | 자동 조립 공장 |
| 31 | 열강 | 56000 | 운영 거점 6 · 외교 지지국 6 · 비공정 건조 14 | 대륙 거래소 |
| 32 | 패권국 | 70000 | 자치권 확보 지역 5 · 교역 수입 1100000 · 방위대 편성 10 · 자동차 생산 120 | 없음 |

해금 없는 단계: 32

## 판정

| 항목 | 기준 | 값 | 결과 |
|---|---|---|---|
| C1 | 자원 32종 이상 | 80 | PASS |
| C2 | 시설 60종 이상 | 112 | PASS |
| C3 | 판매 외 소비처가 없는 고아 자원 0 | 없음 | PASS |
| C4 | 0~6단계 해금 공백 1단계 이하 | 최장 공백 0단계 | PASS |
| C5 | 23단계 이후 해금 존재 | 11종 | PASS |
| C6 | 가공 시설이 원료 사슬보다 타일당 분당 가치 1.15배 이상 | 전부 충족 | PASS |
| C7 | 가공 시설 산출가/투입가 1.25배 이상 | 전부 충족 | PASS |
| C8 | 해금 순서 모순 없음(요구 실적·투입·자재·계약·대안 제품) | 없음 | PASS |
| C9 | 대안 제품 시설 10곳 이상 · 모든 대안이 다른 사슬을 공급하거나 다른 원료를 씀 · 같은 단계에 더 적은 원료로 같거나 빠르게 만드는 줄이 없음 | 25곳 · 모두 구별됨 · 밀리는 대안 없음 | PASS |
| C10 | 계약 보상 목록가의 1.35배 이하 · 다음 계약 대기 60초 이상 | 최대 1.32배 · 80초 | PASS |
| C11 | 6단계까지 열리는 생산 주기 15게임초 이하 · 가공 깊이별 평균 주기가 깊을수록 김 | 초반 전부 충족 · 0단 11.5s < 1단 13.8s < 2단 21s < 3단 21.4s < 4단 40.8s | PASS |
| C12 | 원료 밭을 같은 시설 모으기 최대(시간 -30%)로 지어도 가공 시설이 타일당 분당 가치 1.15배 이상 | 전부 충족 · 최저 1.16 | PASS |
| C13 | 원료 밭(시간 -30%)과 우물·벌목장·채석장·광산 등 채취 시설(시간 -10%)을 모두 같은 시설 모으기 최대로 지어도 가공 시설이 타일당 분당 가치 1.15배 이상 | 전부 충족 · 최저 1.16 | PASS |
| C14 | 확장 사슬 최종재의 타일당 분당 가치가 같은 단계 기존 가공 줄 중앙값의 0.8배 이상 · 그 단계 기존 최고값 이하 | 17줄 충족 · 최저 0.95 | PASS |
| C15 | 비상 증류소: 한 곳·개선 불가·원가 손실·정유소 처리량의 10% 이하 | 증류 1 / 정유 12.9개/게임분 | PASS |

