
> towngrid@0.1.0 build
> node scripts/run-framework.mjs build


  vinext build  (Vite 8.0.13)

[1/5] analyze client references...
[2K
transforming...✓ 231 modules transformed.
rendering chunks...
node.exe : [33m[PLUGIN_TIMINGS] [0mYour build spent significant time in plugins. Here is a breakdown:
At line:1 char:1
+ & "C:\Program Files\nodejs/node.exe" "C:\Program Files\nodejs/node_mo ...
+ ~~~~~~~~~~~~~~~~~~~~~~~~~~~~~~~~~~~~~~~~~~~~~~~~~~~~~~~~~~~~~~~~~~~~~
    + CategoryInfo          : NotSpecified: ([33m[PLUGIN_TI...is a breakdown::String) [], RemoteException
    + FullyQualifiedErrorId : NativeCommandError
 
  - vinext:middleware-server-only (25%)
  - rsc:rsc-css-export-transform (22%)
  - rsc:use-server (20%)
  - vinext:ignore-dynamic-requests (7%)
  - vinext:jsx-in-js (5%)
See https://rolldown.rs/options/checks#plugintimings for more details.

✓ built in 16.66s
[2/5] analyze server references...
[2K
transforming...✓ 289 modules transformed.
rendering chunks...
✓ built in 1.31s
[3/5] build rsc environment...
[2K
transforming...✓ 228 modules transformed.
rendering chunks...
computing gzip size...
[33m[PLUGIN_TIMINGS] [0mYour build spent significant time in plugins. Here is a breakdown:
  - vite-plugin-commonjs (29%)
  - vinext:css-data-url (26%)
  - rsc:virtual-client-package (15%)
  - vinext:og-inline-fetch-assets (9%)
  - rsc:scan-strip (6%)
See https://rolldown.rs/options/checks#plugintimings for more details.

✓ built in 9.84s
[4/5] build client environment...
[2K
transforming...✓ 2086 modules transformed.
rendering chunks...
computing gzip size...
[plugin builtin:vite-reporter] 
(!) Some chunks are larger than 500 kB after minification. Consider:
- Using dynamic import() to code-split the application
- Use build.rolldownOptions.output.codeSplitting to improve chunking: https://rolldown.rs/reference/OutputOptions.codeS
plitting
- Adjust chunk size limit for this warning via build.chunkSizeWarningLimit.
✓ built in 2.79s
[5/5] build ssr environment...
[2K
transforming...✓ 295 modules transformed.
rendering chunks...
computing gzip size...
✓ built in 841ms
[0m
  Route (app)
  ┌ ? /              
  └ ? /screen-preview

  ? Unknown

  ? Some routes could not be classified. vinext currently uses static analysis
    and cannot detect dynamic API usage (headers(), cookies(), etc.) at build time.
    Automatic classification will be improved in a future release.

  Build complete. Run `vinext start` to start the production server.

