
  vinext build  (Vite 8.0.13)

[1/5] analyze client references...
[2Ktransforming...✓ 231 modules transformed.
rendering chunks...
✓ built in 1.51s
[2/5] analyze server references...
[2Ktransforming...✓ 317 modules transformed.
rendering chunks...
✓ built in 1.99s
[3/5] build rsc environment...
[2Ktransforming...✓ 228 modules transformed.
rendering chunks...
computing gzip size...
✓ built in 1.09s
[4/5] build client environment...
[2Ktransforming...✓ 2106 modules transformed.
rendering chunks...
computing gzip size...
✓ built in 5.08s
[5/5] build ssr environment...
[2Ktransforming...✓ 323 modules transformed.
rendering chunks...
computing gzip size...
✓ built in 1.23s
[0m
  Route (app)
  ┌ ? /              
  └ ? /screen-preview

  ? Unknown

  ? Some routes could not be classified. vinext currently uses static analysis
    and cannot detect dynamic API usage (headers(), cookies(), etc.) at build time.
    Automatic classification will be improved in a future release.

  Build complete. Run `vinext start` to start the production server.

[plugin builtin:vite-reporter] 
(!) Some chunks are larger than 500 kB after minification. Consider:
- Using dynamic import() to code-split the application
- Use build.rolldownOptions.output.codeSplitting to improve chunking: https://rolldown.rs/reference/OutputOptions.codeSplitting
- Adjust chunk size limit for this warning via build.chunkSizeWarningLimit.
[33m[PLUGIN_TIMINGS] [0mYour build spent significant time in plugins. Here is a breakdown:
  - vinext:css-data-url (15%)
  - vinext:middleware-server-only (13%)
  - vinext:og-inline-fetch-assets (12%)
  - alias (10%)
  - rsc:virtual-client-package (9%)
See https://rolldown.rs/options/checks#plugintimings for more details.

