{"before":{"connected":true,"error":null,"busy":0,"carts":3,"vehicles":[{"kind":"wagon","busy":false,"name":"마차","fuel":false},{"kind":"wagon","busy":false,"name":"마차","fuel":false},{"kind":"raft","busy":false,"name":"뗏목","fuel":false},{"kind":"truck","busy":false,"name":"트럭","fuel":true},{"kind":"steamer","busy":false,"name":"증기선","fuel":true}],"fuelFree":3,"fuelPerTrip":1,"fuelReady":false,"spareFuel":0,"waterside":true,"waterRoute":true,"inTransit":0,"imports":0,"contract":false},"placementWarning":"수출길을 막는 자리입니다 · 창고에서 수출 관문까지 가는 길이 끊깁니다","built":{"ok":false,"error":"수출길을 막는 자리입니다 · 창고에서 수출 관문까지 가는 길이 끊깁니다"},"after":{"connected":true,"error":null,"busy":0,"carts":3,"vehicles":[{"kind":"wagon","busy":false,"name":"마차","fuel":false},{"kind":"wagon","busy":false,"name":"마차","fuel":false},{"kind":"raft","busy":false,"name":"뗏목","fuel":false},{"kind":"truck","busy":false,"name":"트럭","fuel":true},{"kind":"steamer","busy":false,"name":"증기선","fuel":true}],"fuelFree":3,"fuelPerTrip":1,"fuelReady":false,"spareFuel":0,"waterside":true,"waterRoute":true,"inTransit":0,"imports":0,"contract":false},"sale":{"ok":true,"amount":10,"revenue":97}}
NOT-REPRODUCED X1-export-chokepoint-8-11 :: {"placementWarning":"수출길을 막는 자리입니다 · 창고에서 수출 관문까지 가는 길이 끊깁니다","after":null}
river export choke tiles on starting land: []
coast export choke tiles on starting land: []
highland export choke tiles on starting land: []
NOT-REPRODUCED X2-autosell-silent-when-blocked :: {"connected":false,"shipments":0,"notices":["자동 판매 멈춤 · 창고에서 수출 관문까지 길이 막혔습니다"],"note":"older save with a house on (8,11); stock set directly to 200 wood to trigger auto-sell"}

[export-chokepoint] 0 of 2 audit findings reproduced
first raid (game days) per seed ["2.4일","2.4일","2.4일","2.4일","2.4일","2.4일","2.4일","2.4일","2.4일","2.4일","2.4일","2.4일","2.4일","2.4일","2.4일","2.4일","2.4일","2.4일","2.4일","2.4일","2.4일","2.4일","2.4일","2.4일","2.4일","2.4일","2.4일","2.4일","2.4일","2.4일"]
NOT-REPRODUCED T1-trial-waits-on-random-raid :: {"medianDays":2.4,"max":2.4,"neverWithin40Days":0,"code":"progression.js:9 defended; simulation.js:183 raid only via chooseEvent"}

[raid-gated-trial] 0 of 1 audit findings reproduced
NOT-REPRODUCED V1-illness-advice-names-locked-clinic :: {"rank":0,"notice":"감염 발생 · 방역(35G · 물 8 · 목재 3)으로 확산을 낮추세요.","alert":"진료소에 약초와 물 공급","clinicUnlock":"준자유민","infectionPerDayNoAction":[49,65,79,88,94,97,98,99,100,100],"note":"nextEvent set directly to roll events sooner"}
NOT-REPRODUCED V2-storm-target-deterministic-first-building :: {"hitsAcrossLayouts":["","","","","",""],"code":"simulation.js:192-194 list.find(nearWater)||list[0]"}
NOT-REPRODUCED V3-hints-name-locked-buildings :: []

[events-early] 0 of 3 audit findings reproduced
redundant []
unreachable []
NOT-REPRODUCED P1-requirements-already-met-by-earlier-rank :: {"count":0,"items":[]}
NOT-REPRODUCED P2-requirement-without-means :: []
doc rank rows 33 of 33 ; facility rows 87 of 87
NOT-REPRODUCED D1-design-doc-rank-table-drift :: []
NOT-REPRODUCED D2-design-doc-facility-table-drift :: []
NOT-REPRODUCED D3-facilities-missing-from-design-doc :: []
NOT-REPRODUCED D4-design-doc-says-GLB-residents :: {"line":0,"note":"AGENTS.md: residents are 2D pixel atlases (public/assets/pixel-characters)"}

[progression-and-docs] 0 of 6 audit findings reproduced
{"seconds":900,"actions":136,"imports":18,"contracts":9,"recipeSwitches":51,"fuelTrips":5,"anomalies":0,"sample":[]}
NOT-REPRODUCED L1-unexplained-item-delta :: {"count":0,"byContext":[]}
NOT-REPRODUCED L2-negative-stock :: []
NOT-REPRODUCED L3-stock-above-capacity :: {"over":[["grain",415,390]],"reported":["grain"]}

[stock-ledger] 0 of 3 audit findings reproduced
["mid-raid speed4",true,null]
["rescue river detour",true,null]
["route ambush speed4",true,null,[-0.7]]
["carts + pending storm",true,null]
NOT-REPRODUCED S1-roundtrip-failure :: []
save size [{"sites":1,"saveChars":70935,"threeCopiesMB":0.41},{"sites":4,"saveChars":146769,"threeCopiesMB":0.84},{"sites":8,"saveChars":298461,"threeCopiesMB":1.71},{"sites":16,"saveChars":601831,"threeCopiesMB":3.44},{"sites":24,"saveChars":905225,"threeCopiesMB":5.18}]

[save-edges] 0 of 1 audit findings reproduced
[{"day":11,"money":745,"debt":1000,"wage":31,"loans":0,"unrest":5,"support":75},{"day":21,"money":435,"debt":1000,"wage":31,"loans":0,"unrest":0,"support":80},{"day":31,"money":500,"debt":1488,"wage":36,"loans":1,"unrest":0,"support":72},{"day":41,"money":500,"debt":1956,"wage":41,"loans":2,"unrest":0,"support":72},{"day":51,"money":454,"debt":2436,"wage":46,"loans":3,"unrest":0,"support":80},{"day":61,"money":347,"debt":2915,"wage":51,"loans":4,"unrest":0,"support":80},{"day":71,"money":170,"debt":3380,"wage":55,"loans":5,"unrest":0,"support":80},{"day":81,"money":305,"debt":4349,"wage":65,"loans":7,"unrest":0,"support":80}]
NOT-REPRODUCED B1-debt-spiral-irreversible :: {"after80Days":{"day":81,"money":305,"debt":4349,"wage":65,"loans":7,"unrest":0,"support":80},"referenceIncomePerDayWithGrainAutoSell":103,"code":"simulation.js:90 wage adds ceil(debt*1%); economy.js:39-40 loan adds 130% to debt"}

[debt-spiral] 0 of 1 audit findings reproduced
{"found":{"ok":true,"id":"site-2"},"builtAtBranch":[["warehouse",true],["house",true],["lumber",true],["well",true]],"branchStock":{"wood":38,"stone":11,"water":31},"route":{"status":"운송 중","completed":1},"deliveries":1,"branchStatus":["warehouse@11,12:운반 중","house@11,14:정상 운영","lumber@9,10:생산 중","well@13,12:운반 대기"]}
NOT-REPRODUCED G1-branch-cannot-bootstrap :: {"found":{"ok":true,"id":"site-2"},"steps":[["warehouse",true],["house",true],["lumber",true],["well",true]],"route":"운송 중"}

[branch-site] 0 of 1 audit findings reproduced
NOT-REPRODUCED Y1-sapling-eta-understated :: {"shownDays":2,"actualDays":2,"code":"Game.tsx tile panel ceil((growAt-time)/80); simulation.js:149 growth only on day change"}

[sapling-timer] 0 of 1 audit findings reproduced
